Archive member included because of file (symbol)

contiki-micaz.a(broadcast.o)  node.co (broadcast_open)
contiki-micaz.a(unicast.o)    node.co (unicast_open)
contiki-micaz.a(abc.o)        contiki-micaz.a(broadcast.o) (abc_open)
contiki-micaz.a(channel.o)    contiki-micaz.a(abc.o) (channel_open)
contiki-micaz.a(process.o)    node.co (process_start)
contiki-micaz.a(list.o)       contiki-micaz.a(channel.o) (list_init)
contiki-micaz.a(etimer.o)     node.co (etimer_set)
contiki-micaz.a(random.o)     node.co (random_rand)
contiki-micaz.a(packetbuf.o)  node.co (packetbuf_dataptr)
contiki-micaz.a(contiki-micaz-m)
                              /usr/lib/gcc/avr/4.5.3/../../../avr/lib/avr51/crtm128.o (main)
contiki-micaz.a(cc2420.o)     node.co (cc2420_set_txpower)
contiki-micaz.a(init-net.o)   contiki-micaz.a(contiki-micaz-m) (init_net)
contiki-micaz.a(node-id.o)    contiki-micaz.a(contiki-micaz-m) (node_id_restore)
contiki-micaz.a(clock.o)      contiki-micaz.a(contiki-micaz-m) (clock_init)
contiki-micaz.a(cc2420-arch.o)
                              contiki-micaz.a(cc2420.o) (cc2420_arch_init)
contiki-micaz.a(ds2401.o)     contiki-micaz.a(contiki-micaz-m) (ds2401_init)
contiki-micaz.a(eeprom.o)     contiki-micaz.a(node-id.o) (eeprom_write)
contiki-micaz.a(leds.o)       contiki-micaz.a(contiki-micaz-m) (leds_init)
contiki-micaz.a(rimeaddr.o)   contiki-micaz.a(broadcast.o) (rimeaddr_copy)
contiki-micaz.a(rime.o)       contiki-micaz.a(abc.o) (rime_output)
contiki-micaz.a(rimestats.o)  contiki-micaz.a(cc2420.o) (rimestats)
contiki-micaz.a(announcement.o)
                              contiki-micaz.a(rime.o) (announcement_init)
contiki-micaz.a(broadcast-annou)
                              contiki-micaz.a(rime.o) (broadcast_announcement_init)
contiki-micaz.a(chameleon.o)  contiki-micaz.a(rime.o) (chameleon_init)
contiki-micaz.a(chameleon-bitop)
                              contiki-micaz.a(chameleon.o) (chameleon_bitopt)
contiki-micaz.a(cxmac.o)      contiki-micaz.a(cc2420.o) (cxmac_driver)
contiki-micaz.a(mac.o)        contiki-micaz.a(cxmac.o) (mac_call_sent_callback)
contiki-micaz.a(framer-802154.o)
                              contiki-micaz.a(cxmac.o) (framer_802154)
contiki-micaz.a(csma.o)       contiki-micaz.a(init-net.o) (csma_driver)
contiki-micaz.a(autostart.o)  contiki-micaz.a(contiki-micaz-m) (autostart_start)
contiki-micaz.a(compower.o)   contiki-micaz.a(cxmac.o) (compower_idle_activity)
contiki-micaz.a(memb.o)       contiki-micaz.a(cxmac.o) (memb_init)
contiki-micaz.a(timer.o)      contiki-micaz.a(etimer.o) (timer_set)
contiki-micaz.a(ctimer.o)     contiki-micaz.a(contiki-micaz-m) (ctimer_init)
contiki-micaz.a(energest.o)   contiki-micaz.a(compower.o) (energest_type_time)
contiki-micaz.a(rtimer.o)     contiki-micaz.a(contiki-micaz-m) (rtimer_init)
contiki-micaz.a(queuebuf.o)   contiki-micaz.a(rime.o) (queuebuf_init)
contiki-micaz.a(rs232.o)      contiki-micaz.a(contiki-micaz-m) (rs232_init)
contiki-micaz.a(leds-arch.o)  contiki-micaz.a(leds.o) (leds_arch_init)
contiki-micaz.a(spi.o)        contiki-micaz.a(cc2420-arch.o) (spi_init)
contiki-micaz.a(rtimer-arch.o)
                              contiki-micaz.a(rtimer.o) (rtimer_arch_init)
contiki-micaz.a(watchdog.o)   contiki-micaz.a(cxmac.o) (watchdog_start)
contiki-micaz.a(frame802154.o)
                              contiki-micaz.a(framer-802154.o) (frame802154_hdrlen)
/usr/lib/gcc/avr/4.5.3/avr51/libgcc.a(_udivmodhi4.o)
                              contiki-micaz.a(init-net.o) (__udivmodhi4)
/usr/lib/gcc/avr/4.5.3/avr51/libgcc.a(_exit.o)
                              /usr/lib/gcc/avr/4.5.3/../../../avr/lib/avr51/crtm128.o (exit)
/usr/lib/gcc/avr/4.5.3/avr51/libgcc.a(_copy_data.o)
                              node.co (__do_copy_data)
/usr/lib/gcc/avr/4.5.3/avr51/libgcc.a(_clear_bss.o)
                              node.co (__do_clear_bss)
/usr/lib/gcc/avr/4.5.3/avr51/libgcc.a(_addsub_sf.o)
                              node.co (__addsf3)
/usr/lib/gcc/avr/4.5.3/avr51/libgcc.a(_mul_sf.o)
                              node.co (__mulsf3)
/usr/lib/gcc/avr/4.5.3/avr51/libgcc.a(_div_sf.o)
                              node.co (__divsf3)
/usr/lib/gcc/avr/4.5.3/avr51/libgcc.a(_lt_sf.o)
                              node.co (__ltsf2)
/usr/lib/gcc/avr/4.5.3/avr51/libgcc.a(_si_to_sf.o)
                              node.co (__floatsisf)
/usr/lib/gcc/avr/4.5.3/avr51/libgcc.a(_sf_to_si.o)
                              node.co (__fixsfsi)
/usr/lib/gcc/avr/4.5.3/avr51/libgcc.a(_thenan_sf.o)
                              /usr/lib/gcc/avr/4.5.3/avr51/libgcc.a(_addsub_sf.o) (__thenan_sf)
/usr/lib/gcc/avr/4.5.3/avr51/libgcc.a(_usi_to_sf.o)
                              node.co (__floatunsisf)
/usr/lib/gcc/avr/4.5.3/avr51/libgcc.a(_prologue.o)
                              /usr/lib/gcc/avr/4.5.3/avr51/libgcc.a(_addsub_sf.o) (__prologue_saves__)
/usr/lib/gcc/avr/4.5.3/avr51/libgcc.a(_epilogue.o)
                              /usr/lib/gcc/avr/4.5.3/avr51/libgcc.a(_addsub_sf.o) (__epilogue_restores__)
/usr/lib/gcc/avr/4.5.3/avr51/libgcc.a(_clzsi2.o)
                              /usr/lib/gcc/avr/4.5.3/avr51/libgcc.a(_si_to_sf.o) (__clzsi2)
/usr/lib/gcc/avr/4.5.3/avr51/libgcc.a(_pack_sf.o)
                              /usr/lib/gcc/avr/4.5.3/avr51/libgcc.a(_addsub_sf.o) (__pack_f)
/usr/lib/gcc/avr/4.5.3/avr51/libgcc.a(_unpack_sf.o)
                              /usr/lib/gcc/avr/4.5.3/avr51/libgcc.a(_addsub_sf.o) (__unpack_f)
/usr/lib/gcc/avr/4.5.3/avr51/libgcc.a(_fpcmp_parts_sf.o)
                              /usr/lib/gcc/avr/4.5.3/avr51/libgcc.a(_lt_sf.o) (__fpcmp_parts_f)
/usr/lib/gcc/avr/4.5.3/avr51/libgcc.a(_clz.o)
                              /usr/lib/gcc/avr/4.5.3/avr51/libgcc.a(_clzsi2.o) (__clz_tab)
/usr/lib/gcc/avr/4.5.3/../../../avr/lib/avr51/libc.a(malloc.o)
                              node.co (malloc)
/usr/lib/gcc/avr/4.5.3/../../../avr/lib/avr51/libc.a(rand.o)
                              contiki-micaz.a(random.o) (rand)
/usr/lib/gcc/avr/4.5.3/../../../avr/lib/avr51/libc.a(memcpy.o)
                              contiki-micaz.a(packetbuf.o) (memcpy)
/usr/lib/gcc/avr/4.5.3/../../../avr/lib/avr51/libc.a(memset.o)
                              contiki-micaz.a(chameleon-bitop) (memset)
/usr/lib/gcc/avr/4.5.3/../../../avr/lib/avr51/libc.a(iob.o)
                              contiki-micaz.a(rs232.o) (__iob)
/usr/lib/gcc/avr/4.5.3/../../../avr/lib/avr51/libc.a(printf.o)
                              node.co (printf)
/usr/lib/gcc/avr/4.5.3/../../../avr/lib/avr51/libc.a(printf_p.o)
                              contiki-micaz.a(contiki-micaz-m) (printf_P)
/usr/lib/gcc/avr/4.5.3/../../../avr/lib/avr51/libc.a(putchar.o)
                              node.co (putchar)
/usr/lib/gcc/avr/4.5.3/../../../avr/lib/avr51/libc.a(puts.o)
                              node.co (puts)
/usr/lib/gcc/avr/4.5.3/../../../avr/lib/avr51/libc.a(vfprintf_std.o)
                              /usr/lib/gcc/avr/4.5.3/../../../avr/lib/avr51/libc.a(printf.o) (vfprintf)
/usr/lib/gcc/avr/4.5.3/../../../avr/lib/avr51/libc.a(eerd_block_atmega128.o)
                              contiki-micaz.a(eeprom.o) (__eerd_block_m128)
/usr/lib/gcc/avr/4.5.3/../../../avr/lib/avr51/libc.a(eewr_block_atmega128.o)
                              contiki-micaz.a(eeprom.o) (__eewr_block_m128)
/usr/lib/gcc/avr/4.5.3/../../../avr/lib/avr51/libc.a(eewr_byte_atmega128.o)
                              /usr/lib/gcc/avr/4.5.3/../../../avr/lib/avr51/libc.a(eewr_block_atmega128.o) (__eewr_r18_m128)
/usr/lib/gcc/avr/4.5.3/../../../avr/lib/avr51/libc.a(strnlen_P.o)
                              /usr/lib/gcc/avr/4.5.3/../../../avr/lib/avr51/libc.a(vfprintf_std.o) (strnlen_P)
/usr/lib/gcc/avr/4.5.3/../../../avr/lib/avr51/libc.a(strnlen.o)
                              /usr/lib/gcc/avr/4.5.3/../../../avr/lib/avr51/libc.a(vfprintf_std.o) (strnlen)
/usr/lib/gcc/avr/4.5.3/../../../avr/lib/avr51/libc.a(fputc.o)
                              /usr/lib/gcc/avr/4.5.3/../../../avr/lib/avr51/libc.a(putchar.o) (fputc)
/usr/lib/gcc/avr/4.5.3/../../../avr/lib/avr51/libc.a(ultoa_invert.o)
                              /usr/lib/gcc/avr/4.5.3/../../../avr/lib/avr51/libc.a(vfprintf_std.o) (__ultoa_invert)
/usr/lib/gcc/avr/4.5.3/avr51/libgcc.a(_mulsi3.o)
                              /usr/lib/gcc/avr/4.5.3/../../../avr/lib/avr51/libc.a(rand.o) (__mulsi3)
/usr/lib/gcc/avr/4.5.3/avr51/libgcc.a(_divmodsi4.o)
                              /usr/lib/gcc/avr/4.5.3/../../../avr/lib/avr51/libc.a(rand.o) (__divmodsi4)
/usr/lib/gcc/avr/4.5.3/avr51/libgcc.a(_udivmodsi4.o)
                              /usr/lib/gcc/avr/4.5.3/avr51/libgcc.a(_divmodsi4.o) (__udivmodsi4)

Allocating common symbols
Common symbol       size              file

compower_idle_activity
                    0x8               contiki-micaz.a(compower.o)
location            0x9               node.co
cc2420_last_rssi    0x1               contiki-micaz.a(cc2420.o)
database            0xa               node.co
cc2420_packets_read
                    0x2               contiki-micaz.a(cc2420.o)
cc2420_packets_seen
                    0x2               contiki-micaz.a(cc2420.o)
estimated_received_location
                    0x9               node.co
cc2420_sfd_start_time
                    0x2               contiki-micaz.a(cc2420.o)
cc2420_time_of_departure
                    0x2               contiki-micaz.a(cc2420.o)
input_handler_1     0x2               contiki-micaz.a(rs232.o)
cc2420_time_of_arrival
                    0x2               contiki-micaz.a(cc2420.o)
rimestats           0x48              contiki-micaz.a(rimestats.o)
packetbuf_addrs     0x8               contiki-micaz.a(packetbuf.o)
rimeaddr_node_addr  0x2               contiki-micaz.a(rimeaddr.o)
process_maxevents   0x1               contiki-micaz.a(process.o)
nbr_hop             0x1               node.co
frac_x              0x4               node.co
__brkval            0x2               /usr/lib/gcc/avr/4.5.3/../../../avr/lib/avr51/libc.a(malloc.o)
cc2420_last_correlation
                    0x1               contiki-micaz.a(cc2420.o)
received_location   0x2               node.co
cc2420_authority_level_of_sender
                    0x2               contiki-micaz.a(cc2420.o)
packetbuf_attrs     0x30              contiki-micaz.a(packetbuf.o)
cc2420_sfd_counter  0x1               contiki-micaz.a(cc2420.o)
ds2401_id           0x8               contiki-micaz.a(ds2401.o)
routing_table       0x28              node.co
next_hop            0x2               node.co
received_data_mote  0x2               node.co
input_handler_0     0x2               contiki-micaz.a(rs232.o)
__flp               0x2               /usr/lib/gcc/avr/4.5.3/../../../avr/lib/avr51/libc.a(malloc.o)
cc2420_sfd_end_time
                    0x2               contiki-micaz.a(cc2420.o)
__iob               0x6               /usr/lib/gcc/avr/4.5.3/../../../avr/lib/avr51/libc.a(iob.o)
dec_x               0x2               node.co

Discarded input sections

 .data          0x00000000        0x0 /usr/lib/gcc/avr/4.5.3/../../../avr/lib/avr51/crtm128.o
 .bss           0x00000000        0x0 /usr/lib/gcc/avr/4.5.3/../../../avr/lib/avr51/crtm128.o
 .text          0x00000000        0x0 node.co
 .bss           0x00000000        0x0 node.co
 .bss.l         0x00000000        0x2 node.co
 .bss.l1        0x00000000        0x2 node.co
 .text          0x00000000        0x0 symbols.o
 .data          0x00000000        0x0 symbols.o
 .bss           0x00000000        0x0 symbols.o
 .rodata.symbols_nelts
                0x00000000        0x2 symbols.o
 .rodata.symbols
                0x00000000        0x4 symbols.o
 .bss           0x00000000        0x0 contiki-micaz.a(broadcast.o)
 .bss           0x00000000        0x0 contiki-micaz.a(unicast.o)
 .bss           0x00000000        0x0 contiki-micaz.a(abc.o)
 .data          0x00000000        0x0 contiki-micaz.a(channel.o)
 .data          0x00000000        0x0 contiki-micaz.a(process.o)
 .data          0x00000000        0x0 contiki-micaz.a(list.o)
 .bss           0x00000000        0x0 contiki-micaz.a(list.o)
 .data          0x00000000        0x0 contiki-micaz.a(random.o)
 .bss           0x00000000        0x0 contiki-micaz.a(random.o)
 .data          0x00000000        0x0 contiki-micaz.a(packetbuf.o)
 .text          0x00000000        0x0 contiki-micaz.a(contiki-micaz-m)
 .data          0x00000000        0x0 contiki-micaz.a(contiki-micaz-m)
 .bss           0x00000000        0x0 contiki-micaz.a(contiki-micaz-m)
 .text          0x00000000        0x0 contiki-micaz.a(init-net.o)
 .data          0x00000000        0x0 contiki-micaz.a(init-net.o)
 .bss           0x00000000        0x0 contiki-micaz.a(init-net.o)
 .text          0x00000000        0x0 contiki-micaz.a(node-id.o)
 .data          0x00000000        0x0 contiki-micaz.a(node-id.o)
 .bss           0x00000000        0x0 contiki-micaz.a(node-id.o)
 .data          0x00000000        0x0 contiki-micaz.a(clock.o)
 .data          0x00000000        0x0 contiki-micaz.a(cc2420-arch.o)
 .bss           0x00000000        0x0 contiki-micaz.a(cc2420-arch.o)
 .data          0x00000000        0x0 contiki-micaz.a(ds2401.o)
 .bss           0x00000000        0x0 contiki-micaz.a(ds2401.o)
 .data          0x00000000        0x0 contiki-micaz.a(eeprom.o)
 .bss           0x00000000        0x0 contiki-micaz.a(eeprom.o)
 .data          0x00000000        0x0 contiki-micaz.a(leds.o)
 .bss           0x00000000        0x0 contiki-micaz.a(rimeaddr.o)
 .text          0x00000000        0x0 contiki-micaz.a(rimestats.o)
 .data          0x00000000        0x0 contiki-micaz.a(rimestats.o)
 .bss           0x00000000        0x0 contiki-micaz.a(rimestats.o)
 .data          0x00000000        0x0 contiki-micaz.a(announcement.o)
 .data          0x00000000        0x0 contiki-micaz.a(chameleon.o)
 .bss           0x00000000        0x0 contiki-micaz.a(chameleon.o)
 .bss           0x00000000        0x0 contiki-micaz.a(chameleon-bitop)
 .data          0x00000000        0x0 contiki-micaz.a(mac.o)
 .bss           0x00000000        0x0 contiki-micaz.a(mac.o)
 .data          0x00000000        0x0 contiki-micaz.a(autostart.o)
 .bss           0x00000000        0x0 contiki-micaz.a(autostart.o)
 .data          0x00000000        0x0 contiki-micaz.a(compower.o)
 .data          0x00000000        0x0 contiki-micaz.a(memb.o)
 .bss           0x00000000        0x0 contiki-micaz.a(memb.o)
 .data          0x00000000        0x0 contiki-micaz.a(timer.o)
 .bss           0x00000000        0x0 contiki-micaz.a(timer.o)
 .data          0x00000000        0x0 contiki-micaz.a(energest.o)
 .bss           0x00000000        0x0 contiki-micaz.a(energest.o)
 .data          0x00000000        0x0 contiki-micaz.a(rtimer.o)
 .data          0x00000000        0x0 contiki-micaz.a(leds-arch.o)
 .bss           0x00000000        0x0 contiki-micaz.a(leds-arch.o)
 .data          0x00000000        0x0 contiki-micaz.a(spi.o)
 .bss           0x00000000        0x1 contiki-micaz.a(spi.o)
 .data          0x00000000        0x0 contiki-micaz.a(rtimer-arch.o)
 .bss           0x00000000        0x0 contiki-micaz.a(rtimer-arch.o)
 .data          0x00000000        0x0 contiki-micaz.a(watchdog.o)
 .bss           0x00000000        0x0 contiki-micaz.a(watchdog.o)
 .bss           0x00000000        0x0 contiki-micaz.a(frame802154.o)
 .text          0x00000000        0x0 /usr/lib/gcc/avr/4.5.3/avr51/libgcc.a(_udivmodhi4.o)
 .data          0x00000000        0x0 /usr/lib/gcc/avr/4.5.3/avr51/libgcc.a(_udivmodhi4.o)
 .bss           0x00000000        0x0 /usr/lib/gcc/avr/4.5.3/avr51/libgcc.a(_udivmodhi4.o)
 .text          0x00000000        0x0 /usr/lib/gcc/avr/4.5.3/avr51/libgcc.a(_exit.o)
 .data          0x00000000        0x0 /usr/lib/gcc/avr/4.5.3/avr51/libgcc.a(_exit.o)
 .bss           0x00000000        0x0 /usr/lib/gcc/avr/4.5.3/avr51/libgcc.a(_exit.o)
 .text.libgcc   0x00000000        0x0 /usr/lib/gcc/avr/4.5.3/avr51/libgcc.a(_exit.o)
 .text          0x00000000        0x0 /usr/lib/gcc/avr/4.5.3/avr51/libgcc.a(_copy_data.o)
 .data          0x00000000        0x0 /usr/lib/gcc/avr/4.5.3/avr51/libgcc.a(_copy_data.o)
 .bss           0x00000000        0x0 /usr/lib/gcc/avr/4.5.3/avr51/libgcc.a(_copy_data.o)
 .text.libgcc   0x00000000        0x0 /usr/lib/gcc/avr/4.5.3/avr51/libgcc.a(_copy_data.o)
 .text          0x00000000        0x0 /usr/lib/gcc/avr/4.5.3/avr51/libgcc.a(_clear_bss.o)
 .data          0x00000000        0x0 /usr/lib/gcc/avr/4.5.3/avr51/libgcc.a(_clear_bss.o)
 .bss           0x00000000        0x0 /usr/lib/gcc/avr/4.5.3/avr51/libgcc.a(_clear_bss.o)
 .text.libgcc   0x00000000        0x0 /usr/lib/gcc/avr/4.5.3/avr51/libgcc.a(_clear_bss.o)
 .data          0x00000000        0x0 /usr/lib/gcc/avr/4.5.3/avr51/libgcc.a(_addsub_sf.o)
 .bss           0x00000000        0x0 /usr/lib/gcc/avr/4.5.3/avr51/libgcc.a(_addsub_sf.o)
 .data          0x00000000        0x0 /usr/lib/gcc/avr/4.5.3/avr51/libgcc.a(_mul_sf.o)
 .bss           0x00000000        0x0 /usr/lib/gcc/avr/4.5.3/avr51/libgcc.a(_mul_sf.o)
 .data          0x00000000        0x0 /usr/lib/gcc/avr/4.5.3/avr51/libgcc.a(_div_sf.o)
 .bss           0x00000000        0x0 /usr/lib/gcc/avr/4.5.3/avr51/libgcc.a(_div_sf.o)
 .data          0x00000000        0x0 /usr/lib/gcc/avr/4.5.3/avr51/libgcc.a(_lt_sf.o)
 .bss           0x00000000        0x0 /usr/lib/gcc/avr/4.5.3/avr51/libgcc.a(_lt_sf.o)
 .data          0x00000000        0x0 /usr/lib/gcc/avr/4.5.3/avr51/libgcc.a(_si_to_sf.o)
 .bss           0x00000000        0x0 /usr/lib/gcc/avr/4.5.3/avr51/libgcc.a(_si_to_sf.o)
 .data          0x00000000        0x0 /usr/lib/gcc/avr/4.5.3/avr51/libgcc.a(_sf_to_si.o)
 .bss           0x00000000        0x0 /usr/lib/gcc/avr/4.5.3/avr51/libgcc.a(_sf_to_si.o)
 .text          0x00000000        0x0 /usr/lib/gcc/avr/4.5.3/avr51/libgcc.a(_thenan_sf.o)
 .bss           0x00000000        0x0 /usr/lib/gcc/avr/4.5.3/avr51/libgcc.a(_thenan_sf.o)
 .data          0x00000000        0x0 /usr/lib/gcc/avr/4.5.3/avr51/libgcc.a(_usi_to_sf.o)
 .bss           0x00000000        0x0 /usr/lib/gcc/avr/4.5.3/avr51/libgcc.a(_usi_to_sf.o)
 .text          0x00000000        0x0 /usr/lib/gcc/avr/4.5.3/avr51/libgcc.a(_prologue.o)
 .data          0x00000000        0x0 /usr/lib/gcc/avr/4.5.3/avr51/libgcc.a(_prologue.o)
 .bss           0x00000000        0x0 /usr/lib/gcc/avr/4.5.3/avr51/libgcc.a(_prologue.o)
 .text          0x00000000        0x0 /usr/lib/gcc/avr/4.5.3/avr51/libgcc.a(_epilogue.o)
 .data          0x00000000        0x0 /usr/lib/gcc/avr/4.5.3/avr51/libgcc.a(_epilogue.o)
 .bss           0x00000000        0x0 /usr/lib/gcc/avr/4.5.3/avr51/libgcc.a(_epilogue.o)
 .data          0x00000000        0x0 /usr/lib/gcc/avr/4.5.3/avr51/libgcc.a(_clzsi2.o)
 .bss           0x00000000        0x0 /usr/lib/gcc/avr/4.5.3/avr51/libgcc.a(_clzsi2.o)
 .data          0x00000000        0x0 /usr/lib/gcc/avr/4.5.3/avr51/libgcc.a(_pack_sf.o)
 .bss           0x00000000        0x0 /usr/lib/gcc/avr/4.5.3/avr51/libgcc.a(_pack_sf.o)
 .data          0x00000000        0x0 /usr/lib/gcc/avr/4.5.3/avr51/libgcc.a(_unpack_sf.o)
 .bss           0x00000000        0x0 /usr/lib/gcc/avr/4.5.3/avr51/libgcc.a(_unpack_sf.o)
 .data          0x00000000        0x0 /usr/lib/gcc/avr/4.5.3/avr51/libgcc.a(_fpcmp_parts_sf.o)
 .bss           0x00000000        0x0 /usr/lib/gcc/avr/4.5.3/avr51/libgcc.a(_fpcmp_parts_sf.o)
 .text          0x00000000        0x0 /usr/lib/gcc/avr/4.5.3/avr51/libgcc.a(_clz.o)
 .bss           0x00000000        0x0 /usr/lib/gcc/avr/4.5.3/avr51/libgcc.a(_clz.o)
 .text          0x00000000        0x0 /usr/lib/gcc/avr/4.5.3/../../../avr/lib/avr51/libc.a(malloc.o)
 .bss           0x00000000        0x0 /usr/lib/gcc/avr/4.5.3/../../../avr/lib/avr51/libc.a(malloc.o)
 .text          0x00000000        0x0 /usr/lib/gcc/avr/4.5.3/../../../avr/lib/avr51/libc.a(rand.o)
 .bss           0x00000000        0x0 /usr/lib/gcc/avr/4.5.3/../../../avr/lib/avr51/libc.a(rand.o)
 .text          0x00000000        0x0 /usr/lib/gcc/avr/4.5.3/../../../avr/lib/avr51/libc.a(memcpy.o)
 .data          0x00000000        0x0 /usr/lib/gcc/avr/4.5.3/../../../avr/lib/avr51/libc.a(memcpy.o)
 .bss           0x00000000        0x0 /usr/lib/gcc/avr/4.5.3/../../../avr/lib/avr51/libc.a(memcpy.o)
 .text          0x00000000        0x0 /usr/lib/gcc/avr/4.5.3/../../../avr/lib/avr51/libc.a(memset.o)
 .data          0x00000000        0x0 /usr/lib/gcc/avr/4.5.3/../../../avr/lib/avr51/libc.a(memset.o)
 .bss           0x00000000        0x0 /usr/lib/gcc/avr/4.5.3/../../../avr/lib/avr51/libc.a(memset.o)
 .text          0x00000000        0x0 /usr/lib/gcc/avr/4.5.3/../../../avr/lib/avr51/libc.a(iob.o)
 .data          0x00000000        0x0 /usr/lib/gcc/avr/4.5.3/../../../avr/lib/avr51/libc.a(iob.o)
 .bss           0x00000000        0x0 /usr/lib/gcc/avr/4.5.3/../../../avr/lib/avr51/libc.a(iob.o)
 .text          0x00000000        0x0 /usr/lib/gcc/avr/4.5.3/../../../avr/lib/avr51/libc.a(printf.o)
 .data          0x00000000        0x0 /usr/lib/gcc/avr/4.5.3/../../../avr/lib/avr51/libc.a(printf.o)
 .bss           0x00000000        0x0 /usr/lib/gcc/avr/4.5.3/../../../avr/lib/avr51/libc.a(printf.o)
 .text          0x00000000        0x0 /usr/lib/gcc/avr/4.5.3/../../../avr/lib/avr51/libc.a(printf_p.o)
 .data          0x00000000        0x0 /usr/lib/gcc/avr/4.5.3/../../../avr/lib/avr51/libc.a(printf_p.o)
 .bss           0x00000000        0x0 /usr/lib/gcc/avr/4.5.3/../../../avr/lib/avr51/libc.a(printf_p.o)
 .text          0x00000000        0x0 /usr/lib/gcc/avr/4.5.3/../../../avr/lib/avr51/libc.a(putchar.o)
 .data          0x00000000        0x0 /usr/lib/gcc/avr/4.5.3/../../../avr/lib/avr51/libc.a(putchar.o)
 .bss           0x00000000        0x0 /usr/lib/gcc/avr/4.5.3/../../../avr/lib/avr51/libc.a(putchar.o)
 .text          0x00000000        0x0 /usr/lib/gcc/avr/4.5.3/../../../avr/lib/avr51/libc.a(puts.o)
 .data          0x00000000        0x0 /usr/lib/gcc/avr/4.5.3/../../../avr/lib/avr51/libc.a(puts.o)
 .bss           0x00000000        0x0 /usr/lib/gcc/avr/4.5.3/../../../avr/lib/avr51/libc.a(puts.o)
 .text          0x00000000        0x0 /usr/lib/gcc/avr/4.5.3/../../../avr/lib/avr51/libc.a(vfprintf_std.o)
 .data          0x00000000        0x0 /usr/lib/gcc/avr/4.5.3/../../../avr/lib/avr51/libc.a(vfprintf_std.o)
 .bss           0x00000000        0x0 /usr/lib/gcc/avr/4.5.3/../../../avr/lib/avr51/libc.a(vfprintf_std.o)
 .text          0x00000000        0x0 /usr/lib/gcc/avr/4.5.3/../../../avr/lib/avr51/libc.a(eerd_block_atmega128.o)
 .data          0x00000000        0x0 /usr/lib/gcc/avr/4.5.3/../../../avr/lib/avr51/libc.a(eerd_block_atmega128.o)
 .bss           0x00000000        0x0 /usr/lib/gcc/avr/4.5.3/../../../avr/lib/avr51/libc.a(eerd_block_atmega128.o)
 .text          0x00000000        0x0 /usr/lib/gcc/avr/4.5.3/../../../avr/lib/avr51/libc.a(eewr_block_atmega128.o)
 .data          0x00000000        0x0 /usr/lib/gcc/avr/4.5.3/../../../avr/lib/avr51/libc.a(eewr_block_atmega128.o)
 .bss           0x00000000        0x0 /usr/lib/gcc/avr/4.5.3/../../../avr/lib/avr51/libc.a(eewr_block_atmega128.o)
 .text          0x00000000        0x0 /usr/lib/gcc/avr/4.5.3/../../../avr/lib/avr51/libc.a(eewr_byte_atmega128.o)
 .data          0x00000000        0x0 /usr/lib/gcc/avr/4.5.3/../../../avr/lib/avr51/libc.a(eewr_byte_atmega128.o)
 .bss           0x00000000        0x0 /usr/lib/gcc/avr/4.5.3/../../../avr/lib/avr51/libc.a(eewr_byte_atmega128.o)
 .text          0x00000000        0x0 /usr/lib/gcc/avr/4.5.3/../../../avr/lib/avr51/libc.a(strnlen_P.o)
 .data          0x00000000        0x0 /usr/lib/gcc/avr/4.5.3/../../../avr/lib/avr51/libc.a(strnlen_P.o)
 .bss           0x00000000        0x0 /usr/lib/gcc/avr/4.5.3/../../../avr/lib/avr51/libc.a(strnlen_P.o)
 .text          0x00000000        0x0 /usr/lib/gcc/avr/4.5.3/../../../avr/lib/avr51/libc.a(strnlen.o)
 .data          0x00000000        0x0 /usr/lib/gcc/avr/4.5.3/../../../avr/lib/avr51/libc.a(strnlen.o)
 .bss           0x00000000        0x0 /usr/lib/gcc/avr/4.5.3/../../../avr/lib/avr51/libc.a(strnlen.o)
 .text          0x00000000        0x0 /usr/lib/gcc/avr/4.5.3/../../../avr/lib/avr51/libc.a(fputc.o)
 .data          0x00000000        0x0 /usr/lib/gcc/avr/4.5.3/../../../avr/lib/avr51/libc.a(fputc.o)
 .bss           0x00000000        0x0 /usr/lib/gcc/avr/4.5.3/../../../avr/lib/avr51/libc.a(fputc.o)
 .text          0x00000000        0x0 /usr/lib/gcc/avr/4.5.3/../../../avr/lib/avr51/libc.a(ultoa_invert.o)
 .data          0x00000000        0x0 /usr/lib/gcc/avr/4.5.3/../../../avr/lib/avr51/libc.a(ultoa_invert.o)
 .bss           0x00000000        0x0 /usr/lib/gcc/avr/4.5.3/../../../avr/lib/avr51/libc.a(ultoa_invert.o)
 .text          0x00000000        0x0 /usr/lib/gcc/avr/4.5.3/avr51/libgcc.a(_mulsi3.o)
 .data          0x00000000        0x0 /usr/lib/gcc/avr/4.5.3/avr51/libgcc.a(_mulsi3.o)
 .bss           0x00000000        0x0 /usr/lib/gcc/avr/4.5.3/avr51/libgcc.a(_mulsi3.o)
 .text          0x00000000        0x0 /usr/lib/gcc/avr/4.5.3/avr51/libgcc.a(_divmodsi4.o)
 .data          0x00000000        0x0 /usr/lib/gcc/avr/4.5.3/avr51/libgcc.a(_divmodsi4.o)
 .bss           0x00000000        0x0 /usr/lib/gcc/avr/4.5.3/avr51/libgcc.a(_divmodsi4.o)
 .text          0x00000000        0x0 /usr/lib/gcc/avr/4.5.3/avr51/libgcc.a(_udivmodsi4.o)
 .data          0x00000000        0x0 /usr/lib/gcc/avr/4.5.3/avr51/libgcc.a(_udivmodsi4.o)
 .bss           0x00000000        0x0 /usr/lib/gcc/avr/4.5.3/avr51/libgcc.a(_udivmodsi4.o)

Memory Configuration

Name             Origin             Length             Attributes
text             0x00000000         0x00020000         xr
data             0x00800100         0x0000ff00         rw !x
eeprom           0x00810000         0x00010000         rw !x
fuse             0x00820000         0x00000400         rw !x
lock             0x00830000         0x00000400         rw !x
signature        0x00840000         0x00000400         rw !x
*default*        0x00000000         0xffffffff

Linker script and memory map

Address of section .data set to 0x800100
LOAD /usr/lib/gcc/avr/4.5.3/../../../avr/lib/avr51/crtm128.o
Address of section .bootloader set to 0x1f800
LOAD node.co
LOAD symbols.o
LOAD contiki-micaz.a
LOAD /usr/lib/gcc/avr/4.5.3/avr51/libgcc.a
LOAD /usr/lib/gcc/avr/4.5.3/../../../avr/lib/avr51/libc.a
LOAD /usr/lib/gcc/avr/4.5.3/avr51/libgcc.a

.hash
 *(.hash)

.dynsym
 *(.dynsym)

.dynstr
 *(.dynstr)

.gnu.version
 *(.gnu.version)

.gnu.version_d
 *(.gnu.version_d)

.gnu.version_r
 *(.gnu.version_r)

.rel.init
 *(.rel.init)

.rela.init
 *(.rela.init)

.rel.text
 *(.rel.text)
 *(.rel.text.*)
 *(.rel.gnu.linkonce.t*)

.rela.text
 *(.rela.text)
 *(.rela.text.*)
 *(.rela.gnu.linkonce.t*)

.rel.fini
 *(.rel.fini)

.rela.fini
 *(.rela.fini)

.rel.rodata
 *(.rel.rodata)
 *(.rel.rodata.*)
 *(.rel.gnu.linkonce.r*)

.rela.rodata
 *(.rela.rodata)
 *(.rela.rodata.*)
 *(.rela.gnu.linkonce.r*)

.rel.data
 *(.rel.data)
 *(.rel.data.*)
 *(.rel.gnu.linkonce.d*)

.rela.data
 *(.rela.data)
 *(.rela.data.*)
 *(.rela.gnu.linkonce.d*)

.rel.ctors
 *(.rel.ctors)

.rela.ctors
 *(.rela.ctors)

.rel.dtors
 *(.rel.dtors)

.rela.dtors
 *(.rela.dtors)

.rel.got
 *(.rel.got)

.rela.got
 *(.rela.got)

.rel.bss
 *(.rel.bss)

.rela.bss
 *(.rela.bss)

.rel.plt
 *(.rel.plt)

.rela.plt
 *(.rela.plt)

.text           0x00000000     0x78c8
 *(.vectors)
 .vectors       0x00000000       0x8c /usr/lib/gcc/avr/4.5.3/../../../avr/lib/avr51/crtm128.o
                0x00000000                __vectors
                0x00000000                __vector_default
 *(.vectors)
 *(.progmem.gcc*)
 *(.progmem*)
 .progmem.data  0x0000008c       0x21 contiki-micaz.a(contiki-micaz-m)
 .progmem.data  0x000000ad       0x83 contiki-micaz.a(init-net.o)
                0x00000130                . = ALIGN (0x2)
                0x00000130                __trampolines_start = .
 *(.trampolines)
 .trampolines   0x00000130        0x0 linker stubs
 *(.trampolines*)
                0x00000130                __trampolines_end = .
 *(.jumptables)
 *(.jumptables*)
 *(.lowtext)
 *(.lowtext*)
                0x00000130                __ctors_start = .
 *(.ctors)
                0x00000130                __ctors_end = .
                0x00000130                __dtors_start = .
 *(.dtors)
                0x00000130                __dtors_end = .
 SORT(*)(.ctors)
 SORT(*)(.dtors)
 *(.init0)
 .init0         0x00000130        0x0 /usr/lib/gcc/avr/4.5.3/../../../avr/lib/avr51/crtm128.o
                0x00000130                __init
 *(.init0)
 *(.init1)
 *(.init1)
 *(.init2)
 .init2         0x00000130        0xc /usr/lib/gcc/avr/4.5.3/../../../avr/lib/avr51/crtm128.o
 *(.init2)
 *(.init3)
 *(.init3)
 *(.init4)
 .init4         0x0000013c       0x1a /usr/lib/gcc/avr/4.5.3/avr51/libgcc.a(_copy_data.o)
                0x0000013c                __do_copy_data
 .init4         0x00000156       0x10 /usr/lib/gcc/avr/4.5.3/avr51/libgcc.a(_clear_bss.o)
                0x00000156                __do_clear_bss
 *(.init4)
 *(.init5)
 *(.init5)
 *(.init6)
 *(.init6)
 *(.init7)
 *(.init7)
 *(.init8)
 *(.init8)
 *(.init9)
 .init9         0x00000166        0x8 /usr/lib/gcc/avr/4.5.3/../../../avr/lib/avr51/crtm128.o
 *(.init9)
 *(.text)
 .text          0x0000016e        0x4 /usr/lib/gcc/avr/4.5.3/../../../avr/lib/avr51/crtm128.o
                0x0000016e                __vector_22
                0x0000016e                __vector_28
                0x0000016e                __vector_1
                0x0000016e                __vector_32
                0x0000016e                __vector_34
                0x0000016e                __vector_24
                0x0000016e                __vector_12
                0x0000016e                __bad_interrupt
                0x0000016e                __vector_6
                0x0000016e                __vector_31
                0x0000016e                __vector_3
                0x0000016e                __vector_23
                0x0000016e                __vector_25
                0x0000016e                __vector_11
                0x0000016e                __vector_13
                0x0000016e                __vector_17
                0x0000016e                __vector_19
                0x0000016e                __vector_27
                0x0000016e                __vector_5
                0x0000016e                __vector_33
                0x0000016e                __vector_4
                0x0000016e                __vector_9
                0x0000016e                __vector_2
                0x0000016e                __vector_21
                0x0000016e                __vector_29
                0x0000016e                __vector_8
                0x0000016e                __vector_14
                0x0000016e                __vector_10
                0x0000016e                __vector_16
                0x0000016e                __vector_20
 .text          0x00000172       0xc0 contiki-micaz.a(broadcast.o)
                0x000001d8                broadcast_open
                0x0000020e                broadcast_close
                0x00000214                broadcast_send
 .text          0x00000232       0xaa contiki-micaz.a(unicast.o)
                0x00000286                unicast_open
                0x000002bc                unicast_close
                0x000002c2                unicast_send
 .text          0x000002dc       0x66 contiki-micaz.a(abc.o)
                0x000002dc                abc_open
                0x0000030e                abc_close
                0x00000314                abc_send
                0x0000031a                abc_input
                0x0000032a                abc_sent
 .text          0x00000342       0x82 contiki-micaz.a(channel.o)
                0x00000342                channel_init
                0x0000034c                channel_open
                0x0000035e                channel_close
                0x0000036a                channel_lookup
                0x0000039a                channel_set_attributes
 .text          0x000003c4      0x372 contiki-micaz.a(process.o)
                0x0000052c                process_alloc_event
                0x0000053a                process_exit
                0x00000548                process_init
                0x0000056c                process_run
                0x0000063e                process_nevents
                0x00000650                process_post
                0x000006a6                process_post_synch
                0x000006c4                process_start
                0x0000070a                process_poll
                0x00000722                process_is_running
 .text          0x00000736      0x1a8 contiki-micaz.a(list.o)
                0x00000736                list_init
                0x0000073e                list_head
                0x00000746                list_copy
                0x00000754                list_tail
                0x00000778                list_chop
                0x000007c0                list_pop
                0x000007da                list_remove
                0x00000824                list_push
                0x0000084c                list_add
                0x0000088a                list_length
                0x000008aa                list_insert
                0x000008ca                list_item_next
 .text          0x000008de      0x2ea contiki-micaz.a(etimer.o)
                0x00000942                etimer_request_poll
                0x00000abc                etimer_set
                0x00000ad2                etimer_reset
                0x00000ae8                etimer_restart
                0x00000afe                etimer_adjust
                0x00000b12                etimer_expired
                0x00000b28                etimer_expiration_time
                0x00000b3a                etimer_start_time
                0x00000b42                etimer_pending
                0x00000b5a                etimer_next_expiration_time
                0x00000b78                etimer_stop
 .text          0x00000bc8        0xc contiki-micaz.a(random.o)
                0x00000bc8                random_init
                0x00000bce                random_rand
 .text          0x00000bd4      0x364 contiki-micaz.a(packetbuf.o)
                0x00000bd4                packetbuf_clear_hdr
                0x00000bdc                packetbuf_copyto_hdr
                0x00000c0a                packetbuf_copyto
                0x00000c92                packetbuf_hdr_remove
                0x00000c9e                packetbuf_hdrreduce
                0x00000cdc                packetbuf_set_datalen
                0x00000ce6                packetbuf_dataptr
                0x00000cf6                packetbuf_hdrptr
                0x00000d04                packetbuf_is_reference
                0x00000d20                packetbuf_compact
                0x00000d80                packetbuf_reference_ptr
                0x00000d8a                packetbuf_datalen
                0x00000d94                packetbuf_hdrlen
                0x00000d9e                packetbuf_totlen
                0x00000db6                packetbuf_hdralloc
                0x00000df4                packetbuf_attr_clear
                0x00000e2c                packetbuf_clear
                0x00000e54                packetbuf_reference
                0x00000e7e                packetbuf_copyfrom
                0x00000ee4                packetbuf_attr_copyto
                0x00000f0e                packetbuf_attr_copyfrom
 .text          0x00000f38      0xb26 contiki-micaz.a(cc2420.o)
                0x00001172                cc2420_on
                0x0000119e                cc2420_off
                0x000014da                cc2420_get_channel
                0x000014e4                cc2420_set_channel
                0x00001584                cc2420_set_pan_addr
                0x00001698                cc2420_init
                0x00001760                cc2420_interrupt
                0x0000179e                cc2420_set_txpower
                0x000017b2                cc2420_get_txpower
                0x0000197e                cc2420_rssi
                0x00001a06                cc2420_cca_valid
                0x00001a42                cc2420_set_cca_threshold
 .text          0x00001a5e      0x17a contiki-micaz.a(clock.o)
                0x00001a5e                __vector_15
                0x00001b16                clock_init
                0x00001b4e                clock_time
                0x00001b68                clock_delay
                0x00001b7e                clock_wait
                0x00001ba6                clock_set_seconds
                0x00001ba8                clock_seconds
 .text          0x00001bd8       0x6e contiki-micaz.a(cc2420-arch.o)
                0x00001bd8                cc2420_arch_init
                0x00001bf6                __vector_7
 .text          0x00001c46      0x190 contiki-micaz.a(ds2401.o)
                0x00001cb0                ds2401_init
 .text          0x00001dd6       0x20 contiki-micaz.a(eeprom.o)
                0x00001dd6                eeprom_write
                0x00001de6                eeprom_read
 .text          0x00001df6       0x82 contiki-micaz.a(leds.o)
                0x00001e06                leds_init
                0x00001e14                leds_get
                0x00001e1a                leds_on
                0x00001e2a                leds_off
                0x00001e3c                leds_invert
                0x00001e4c                leds_toggle
                0x00001e52                leds_blink
 .text          0x00001e78       0x46 contiki-micaz.a(rimeaddr.o)
                0x00001e78                rimeaddr_copy
                0x00001e8a                rimeaddr_cmp
                0x00001eae                rimeaddr_set_node_addr
 .text          0x00001ebe      0x16a contiki-micaz.a(rime.o)
                0x00001fb4                rime_sniffer_add
                0x00001fc0                rime_sniffer_remove
                0x00001fcc                rime_output
 .text          0x00002028      0x17e contiki-micaz.a(announcement.o)
                0x00002028                announcement_init
                0x00002032                announcement_register
                0x00002074                announcement_remove
                0x00002080                announcement_remove_value
                0x000020b0                announcement_set_value
                0x000020ec                announcement_bump
                0x0000211a                announcement_listen
                0x0000212a                announcement_register_listen_callback
                0x00002134                announcement_register_observer_callback
                0x0000213e                announcement_list
                0x00002148                announcement_heard
 .text          0x000021a6      0x23a contiki-micaz.a(broadcast-annou)
                0x00002362                broadcast_announcement_init
                0x000023b2                broadcast_announcement_stop
                0x000023d6                broadcast_announcement_beacon_interval
 .text          0x000023e0       0x62 contiki-micaz.a(chameleon.o)
                0x000023e0                chameleon_init
                0x000023e6                chameleon_parse
                0x00002406                chameleon_create
                0x00002436                chameleon_hdrsize
 .text          0x00002442      0x4d2 contiki-micaz.a(chameleon-bitop)
                0x0000245c                get_bits_in_byte
                0x0000249a                get_bits
                0x000026c8                set_bits_in_byte
                0x000026f0                set_bits
 .text          0x00002914      0x82e contiki-micaz.a(cxmac.o)
                0x00003110                cxmac_init
                0x00003140                cxmac_set_announcement_radio_txpower
 .text          0x00003142       0x10 contiki-micaz.a(mac.o)
                0x00003142                mac_call_sent_callback
 .text          0x00003152      0x216 contiki-micaz.a(framer-802154.o)
 .text          0x00003368      0x422 contiki-micaz.a(csma.o)
 .text          0x0000378a       0x58 contiki-micaz.a(autostart.o)
                0x0000378a                autostart_start
                0x000037b8                autostart_exit
 .text          0x000037e2      0x16e contiki-micaz.a(compower.o)
                0x000037e2                compower_init
                0x00003804                compower_accumulate
                0x000038bc                compower_clear
                0x000038d0                compower_attrconv
                0x00003904                compower_accumulate_attrs
 .text          0x00003950      0x110 contiki-micaz.a(memb.o)
                0x00003950                memb_init
                0x00003990                memb_alloc
                0x000039dc                memb_free
                0x00003a26                memb_inmemb
 .text          0x00003a60       0x98 contiki-micaz.a(timer.o)
                0x00003a60                timer_set
                0x00003a78                timer_reset
                0x00003a8c                timer_restart
                0x00003aa0                timer_expired
                0x00003ace                timer_remaining
 .text          0x00003af8      0x288 contiki-micaz.a(ctimer.o)
                0x00003bde                ctimer_init
                0x00003bf8                ctimer_set
                0x00003c5e                ctimer_reset
                0x00003cb2                ctimer_restart
                0x00003d06                ctimer_stop
                0x00003d36                ctimer_expired
 .text          0x00003d80        0xe contiki-micaz.a(energest.o)
                0x00003d80                energest_type_set
                0x00003d82                energest_init
                0x00003d84                energest_type_time
                0x00003d8c                energest_flush
 .text          0x00003d8e       0x7c contiki-micaz.a(rtimer.o)
                0x00003d8e                rtimer_init
                0x00003d94                rtimer_set
                0x00003dcc                rtimer_run_next
 .text          0x00003e0a      0x210 contiki-micaz.a(queuebuf.o)
                0x00003e0a                queuebuf_init
                0x00003e24                queuebuf_new_from_packetbuf
                0x00003ec2                queuebuf_update_attr_from_packetbuf
                0x00003ed8                queuebuf_free
                0x00003f1c                queuebuf_to_packetbuf
                0x00003f98                queuebuf_dataptr
                0x00003fd6                queuebuf_datalen
                0x00003fe4                queuebuf_addr
                0x00003ffc                queuebuf_attr
                0x00004018                queuebuf_debug_print
 .text          0x0000401a      0x1b8 contiki-micaz.a(rs232.o)
                0x0000401a                __vector_18
                0x00004076                __vector_30
                0x000040d4                rs232_init
                0x00004110                rs232_send
                0x0000412e                rs232_stdout_putchar
                0x00004158                rs232_set_input
                0x00004174                rs232_print
                0x000041b6                slip_arch_writeb
                0x000041c0                rs232_redirect_stdout
 .text          0x000041d2       0x56 contiki-micaz.a(leds-arch.o)
                0x000041d2                leds_arch_init
                0x000041e0                leds_arch_get
                0x00004200                leds_arch_set
 .text          0x00004228       0x16 contiki-micaz.a(spi.o)
                0x00004228                spi_init
 .text          0x0000423e       0xb6 contiki-micaz.a(rtimer-arch.o)
                0x0000423e                __vector_26
                0x00004298                rtimer_arch_init
                0x000042d0                rtimer_arch_schedule
 .text          0x000042f4       0x30 contiki-micaz.a(watchdog.o)
                0x000042f4                watchdog_init
                0x00004308                watchdog_start
                0x0000430a                watchdog_periodic
                0x0000430c                watchdog_stop
                0x0000430e                watchdog_reboot
 .text          0x00004324      0x452 contiki-micaz.a(frame802154.o)
                0x000043d6                frame802154_hdrlen
                0x00004412                frame802154_create
                0x000045e8                frame802154_parse
 .text          0x00004776      0x350 /usr/lib/gcc/avr/4.5.3/avr51/libgcc.a(_addsub_sf.o)
                0x00004a0a                __addsf3
                0x00004a64                __subsf3
 .text          0x00004ac6      0x1f4 /usr/lib/gcc/avr/4.5.3/avr51/libgcc.a(_mul_sf.o)
                0x00004ac6                __mulsf3
 .text          0x00004cba      0x15c /usr/lib/gcc/avr/4.5.3/avr51/libgcc.a(_div_sf.o)
                0x00004cba                __divsf3
 .text          0x00004e16       0x60 /usr/lib/gcc/avr/4.5.3/avr51/libgcc.a(_lt_sf.o)
                0x00004e16                __ltsf2
 .text          0x00004e76       0xc0 /usr/lib/gcc/avr/4.5.3/avr51/libgcc.a(_si_to_sf.o)
                0x00004e76                __floatsisf
 .text          0x00004f36       0xa4 /usr/lib/gcc/avr/4.5.3/avr51/libgcc.a(_sf_to_si.o)
                0x00004f36                __fixsfsi
 .text          0x00004fda       0xf0 /usr/lib/gcc/avr/4.5.3/avr51/libgcc.a(_usi_to_sf.o)
                0x00004fda                __floatunsisf
 .text          0x000050ca       0xb4 /usr/lib/gcc/avr/4.5.3/avr51/libgcc.a(_clzsi2.o)
                0x000050ca                __clzsi2
 .text          0x0000517e      0x19c /usr/lib/gcc/avr/4.5.3/avr51/libgcc.a(_pack_sf.o)
                0x0000517e                __pack_f
 .text          0x0000531a       0xd2 /usr/lib/gcc/avr/4.5.3/avr51/libgcc.a(_unpack_sf.o)
                0x0000531a                __unpack_f
 .text          0x000053ec       0xb2 /usr/lib/gcc/avr/4.5.3/avr51/libgcc.a(_fpcmp_parts_sf.o)
                0x000053ec                __fpcmp_parts_f
                0x0000549e                . = ALIGN (0x2)
 *(.text.*)
 .text.calcuh.3283
                0x0000549e      0x182 node.co
 .text.process_thread_unicast_process
                0x00005620       0x36 node.co
 .text.recv_uc  0x00005656       0x22 node.co
 .text.process_thread_display_process
                0x00005678       0xa0 node.co
 .text.process_thread_blink_process
                0x00005718       0x56 node.co
 .text.process_thread_flooding_process
                0x0000576e      0x12a node.co
 .text.broadcast_recv
                0x00005898      0x148 node.co
 .text.process_thread_broadcast_process
                0x000059e0       0x5c node.co
 .text.solve_integral1.3305.clone.0
                0x00005a3c       0xc8 node.co
 .text.gethop.3316
                0x00005b04      0x306 node.co
 .text.matrix_transpose
                0x00005e0a       0xf8 node.co
                0x00005e0a                matrix_transpose
 .text.matrix_multiplication
                0x00005f02      0x1c4 node.co
                0x00005f02                matrix_multiplication
 .text.matrix_inverse
                0x000060c6      0x406 node.co
                0x000060c6                matrix_inverse
 .text.process_thread_trilateral_process
                0x000064cc      0x58a node.co
 .text.init_usart
                0x00006a56       0x12 contiki-micaz.a(contiki-micaz-m)
                0x00006a56                init_usart
 .text.main     0x00006a68       0x92 contiki-micaz.a(contiki-micaz-m)
                0x00006a68                main
 .text.init_net
                0x00006afa      0x20e contiki-micaz.a(init-net.o)
                0x00006afa                init_net
 .text.node_id_restore
                0x00006d08       0x58 contiki-micaz.a(node-id.o)
                0x00006d08                node_id_restore
 .text.node_id_burn
                0x00006d60       0x46 contiki-micaz.a(node-id.o)
                0x00006d60                node_id_burn
 .text.libgcc   0x00006da6       0x28 /usr/lib/gcc/avr/4.5.3/avr51/libgcc.a(_udivmodhi4.o)
                0x00006da6                __udivmodhi4
 .text.libgcc   0x00006dce       0x38 /usr/lib/gcc/avr/4.5.3/avr51/libgcc.a(_prologue.o)
                0x00006dce                __prologue_saves__
 .text.libgcc   0x00006e06       0x36 /usr/lib/gcc/avr/4.5.3/avr51/libgcc.a(_epilogue.o)
                0x00006e06                __epilogue_restores__
 .text.avr-libc
                0x00006e3c      0x266 /usr/lib/gcc/avr/4.5.3/../../../avr/lib/avr51/libc.a(malloc.o)
                0x00006e3c                malloc
                0x00006f70                free
 .text.avr-libc
                0x000070a2       0xbc /usr/lib/gcc/avr/4.5.3/../../../avr/lib/avr51/libc.a(rand.o)
                0x00007138                rand_r
                0x0000713e                rand
                0x00007148                srand
 .text.avr-libc
                0x0000715e       0x12 /usr/lib/gcc/avr/4.5.3/../../../avr/lib/avr51/libc.a(memcpy.o)
                0x0000715e                memcpy
 .text.avr-libc
                0x00007170        0xe /usr/lib/gcc/avr/4.5.3/../../../avr/lib/avr51/libc.a(memset.o)
                0x00007170                memset
 .text.avr-libc
                0x0000717e       0x24 /usr/lib/gcc/avr/4.5.3/../../../avr/lib/avr51/libc.a(printf.o)
                0x0000717e                printf
 .text.avr-libc
                0x000071a2       0x40 /usr/lib/gcc/avr/4.5.3/../../../avr/lib/avr51/libc.a(printf_p.o)
                0x000071a2                printf_P
 .text.avr-libc
                0x000071e2        0xe /usr/lib/gcc/avr/4.5.3/../../../avr/lib/avr51/libc.a(putchar.o)
                0x000071e2                putchar
 .text.avr-libc
                0x000071f0       0x6e /usr/lib/gcc/avr/4.5.3/../../../avr/lib/avr51/libc.a(puts.o)
                0x000071f0                puts
 .text.avr-libc
                0x0000725e      0x420 /usr/lib/gcc/avr/4.5.3/../../../avr/lib/avr51/libc.a(vfprintf_std.o)
                0x0000725e                vfprintf
 .text.avr-libc
                0x0000767e       0x20 /usr/lib/gcc/avr/4.5.3/../../../avr/lib/avr51/libc.a(eerd_block_atmega128.o)
                0x0000767e                __eerd_block_m128
                0x00007682                __eerd_blraw_m128
 .text.avr-libc
                0x0000769e       0x14 /usr/lib/gcc/avr/4.5.3/../../../avr/lib/avr51/libc.a(eewr_block_atmega128.o)
                0x0000769e                __eewr_block_m128
 .text.avr-libc
                0x000076b2       0x1a /usr/lib/gcc/avr/4.5.3/../../../avr/lib/avr51/libc.a(eewr_byte_atmega128.o)
                0x000076b2                __eewr_byte_m128
                0x000076b4                __eewr_r18_m128
 .text.avr-libc
                0x000076cc       0x16 /usr/lib/gcc/avr/4.5.3/../../../avr/lib/avr51/libc.a(strnlen_P.o)
                0x000076cc                strnlen_P
 .text.avr-libc
                0x000076e2       0x16 /usr/lib/gcc/avr/4.5.3/../../../avr/lib/avr51/libc.a(strnlen.o)
                0x000076e2                strnlen
 .text.avr-libc
                0x000076f8       0x58 /usr/lib/gcc/avr/4.5.3/../../../avr/lib/avr51/libc.a(fputc.o)
                0x000076f8                fputc
 .text.avr-libc
                0x00007750       0xbc /usr/lib/gcc/avr/4.5.3/../../../avr/lib/avr51/libc.a(ultoa_invert.o)
                0x00007750                __ultoa_invert
 .text.libgcc   0x0000780c       0x3e /usr/lib/gcc/avr/4.5.3/avr51/libgcc.a(_mulsi3.o)
                0x0000780c                __mulsi3
 .text.libgcc   0x0000784a       0x36 /usr/lib/gcc/avr/4.5.3/avr51/libgcc.a(_divmodsi4.o)
                0x0000784a                __divmodsi4
 .text.libgcc   0x00007880       0x44 /usr/lib/gcc/avr/4.5.3/avr51/libgcc.a(_udivmodsi4.o)
                0x00007880                __udivmodsi4
                0x000078c4                . = ALIGN (0x2)
 *(.fini9)
 .fini9         0x000078c4        0x0 /usr/lib/gcc/avr/4.5.3/avr51/libgcc.a(_exit.o)
                0x000078c4                exit
                0x000078c4                _exit
 *(.fini9)
 *(.fini8)
 *(.fini8)
 *(.fini7)
 *(.fini7)
 *(.fini6)
 *(.fini6)
 *(.fini5)
 *(.fini5)
 *(.fini4)
 *(.fini4)
 *(.fini3)
 *(.fini3)
 *(.fini2)
 *(.fini2)
 *(.fini1)
 *(.fini1)
 *(.fini0)
 .fini0         0x000078c4        0x4 /usr/lib/gcc/avr/4.5.3/avr51/libgcc.a(_exit.o)
 *(.fini0)
                0x000078c8                _etext = .

.data           0x00800100      0x26a load address 0x000078c8
                0x00800100                PROVIDE (__data_start, .)
 *(.data)
 .data          0x00800100       0x3b node.co
 .data          0x0080013b        0x8 contiki-micaz.a(broadcast.o)
 .data          0x00800143        0xa contiki-micaz.a(unicast.o)
 .data          0x0080014d        0x2 contiki-micaz.a(abc.o)
 .data          0x0080014f        0x8 contiki-micaz.a(etimer.o)
                0x0080014f                etimer_process
 .data          0x00800157       0x1c contiki-micaz.a(cc2420.o)
                0x00800157                cc2420_process
                0x0080015f                cc2420_driver
 .data          0x00800173        0x2 contiki-micaz.a(rimeaddr.o)
                0x00800173                rimeaddr_null
 .data          0x00800175        0xb contiki-micaz.a(rime.o)
                0x0080017a                rime_driver
 .data          0x00800180        0x4 contiki-micaz.a(broadcast-annou)
 .data          0x00800184        0xf contiki-micaz.a(chameleon-bitop)
                0x00800184                chameleon_bitopt
 .data          0x00800193       0x27 contiki-micaz.a(cxmac.o)
                0x00800193                cxmac_config
                0x008001a2                cxmac_driver
 .data          0x008001ba        0x4 contiki-micaz.a(framer-802154.o)
                0x008001ba                framer_802154
 .data          0x008001be       0x2b contiki-micaz.a(csma.o)
                0x008001c3                csma_driver
 .data          0x008001e9        0x8 contiki-micaz.a(ctimer.o)
                0x008001e9                ctimer_process
 .data          0x008001f1       0x18 contiki-micaz.a(queuebuf.o)
 .data          0x00800209        0xe contiki-micaz.a(rs232.o)
 .data          0x00800217        0x2 contiki-micaz.a(frame802154.o)
 .data          0x00800219        0x8 /usr/lib/gcc/avr/4.5.3/avr51/libgcc.a(_thenan_sf.o)
                0x00800219                __thenan_sf
 .data          0x00800221      0x100 /usr/lib/gcc/avr/4.5.3/avr51/libgcc.a(_clz.o)
                0x00800221                __clz_tab
 .data          0x00800321        0x6 /usr/lib/gcc/avr/4.5.3/../../../avr/lib/avr51/libc.a(malloc.o)
                0x00800321                __malloc_margin
                0x00800323                __malloc_heap_start
                0x00800325                __malloc_heap_end
 .data          0x00800327        0x4 /usr/lib/gcc/avr/4.5.3/../../../avr/lib/avr51/libc.a(rand.o)
 *(.data*)
 .data.broadcast_process
                0x0080032b        0x8 node.co
                0x0080032b                broadcast_process
 .data.flooding_process
                0x00800333        0x8 node.co
                0x00800333                flooding_process
 .data.unicast_process
                0x0080033b        0x8 node.co
                0x0080033b                unicast_process
 .data.blink_process
                0x00800343        0x8 node.co
                0x00800343                blink_process
 .data.display_process
                0x0080034b        0x8 node.co
                0x0080034b                display_process
 .data.trilateral_process
                0x00800353        0x8 node.co
                0x00800353                trilateral_process
 *(.rodata)
 *(.rodata*)
 .rodata.autostart_processes
                0x0080035b        0x6 node.co
                0x0080035b                autostart_processes
 .rodata.unicast_callbacks
                0x00800361        0x4 node.co
 .rodata.broadcast_call
                0x00800365        0x4 node.co
 *(.gnu.linkonce.d*)
                0x0080036a                . = ALIGN (0x2)
 *fill*         0x00800369        0x1 00
                0x0080036a                _edata = .
                0x0080036a                PROVIDE (__data_end, .)

.bss            0x0080036a      0x9cc
                0x0080036a                PROVIDE (__bss_start, .)
 *(.bss)
 .bss           0x0080036a        0x2 contiki-micaz.a(channel.o)
 .bss           0x0080036c       0x38 contiki-micaz.a(process.o)
                0x0080036c                process_list
                0x0080036e                process_current
 .bss           0x008003a4        0x4 contiki-micaz.a(etimer.o)
 .bss           0x008003a8       0xb9 contiki-micaz.a(packetbuf.o)
 .bss           0x00800461        0x9 contiki-micaz.a(cc2420.o)
 .bss           0x0080046a        0x8 contiki-micaz.a(clock.o)
 .bss           0x00800472        0x2 contiki-micaz.a(leds.o)
 .bss           0x00800474        0x2 contiki-micaz.a(rime.o)
 .bss           0x00800476        0x6 contiki-micaz.a(announcement.o)
 .bss           0x0080047c       0x35 contiki-micaz.a(broadcast-annou)
 .bss           0x008004b1       0x44 contiki-micaz.a(cxmac.o)
 .bss           0x008004f5        0x2 contiki-micaz.a(framer-802154.o)
 .bss           0x008004f7       0xa4 contiki-micaz.a(csma.o)
 .bss           0x0080059b        0x8 contiki-micaz.a(compower.o)
 .bss           0x008005a3        0x3 contiki-micaz.a(ctimer.o)
 .bss           0x008005a6        0x2 contiki-micaz.a(rtimer.o)
 .bss           0x008005a8      0x65c contiki-micaz.a(queuebuf.o)
 .bss           0x00800c04        0x1 contiki-micaz.a(rs232.o)
 *(.bss*)
 .bss.counter   0x00800c05        0x2 node.co
                0x00800c05                counter
 .bss.ids_counter
                0x00800c07        0x2 node.co
                0x00800c07                ids_counter
 .bss.unicast   0x00800c09        0xd node.co
 .bss.timer.3352
                0x00800c16        0x8 node.co
 .bss.broadcast
                0x00800c1e        0xb node.co
 .bss.et1.3242  0x00800c29        0x8 node.co
 .bss.node_id   0x00800c31        0x2 contiki-micaz.a(node-id.o)
                0x00800c31                node_id
 *(COMMON)
 COMMON         0x00800c33       0x51 node.co
                0x00800c33                location
                0x00800c3c                database
                0x00800c46                estimated_received_location
                0x00800c4f                nbr_hop
                0x00800c50                frac_x
                0x00800c54                received_location
                0x00800c56                routing_table
                0x00800c7e                next_hop
                0x00800c80                received_data_mote
                0x00800c82                dec_x
 COMMON         0x00800c84        0x1 contiki-micaz.a(process.o)
                0x00800c84                process_maxevents
 COMMON         0x00800c85       0x38 contiki-micaz.a(packetbuf.o)
                0x00800c85                packetbuf_addrs
                0x00800c8d                packetbuf_attrs
 COMMON         0x00800cbd       0x11 contiki-micaz.a(cc2420.o)
                0x00800cbd                cc2420_last_rssi
                0x00800cbe                cc2420_packets_read
                0x00800cc0                cc2420_packets_seen
                0x00800cc2                cc2420_sfd_start_time
                0x00800cc4                cc2420_time_of_departure
                0x00800cc6                cc2420_time_of_arrival
                0x00800cc8                cc2420_last_correlation
                0x00800cc9                cc2420_authority_level_of_sender
                0x00800ccb                cc2420_sfd_counter
                0x00800ccc                cc2420_sfd_end_time
 COMMON         0x00800cce        0x8 contiki-micaz.a(ds2401.o)
                0x00800cce                ds2401_id
 COMMON         0x00800cd6        0x2 contiki-micaz.a(rimeaddr.o)
                0x00800cd6                rimeaddr_node_addr
 COMMON         0x00800cd8       0x48 contiki-micaz.a(rimestats.o)
                0x00800cd8                rimestats
 COMMON         0x00800d20        0x8 contiki-micaz.a(compower.o)
                0x00800d20                compower_idle_activity
 COMMON         0x00800d28        0x4 contiki-micaz.a(rs232.o)
                0x00800d28                input_handler_1
                0x00800d2a                input_handler_0
 COMMON         0x00800d2c        0x4 /usr/lib/gcc/avr/4.5.3/../../../avr/lib/avr51/libc.a(malloc.o)
                0x00800d2c                __brkval
                0x00800d2e                __flp
 COMMON         0x00800d30        0x6 /usr/lib/gcc/avr/4.5.3/../../../avr/lib/avr51/libc.a(iob.o)
                0x00800d30                __iob
                0x00800d36                PROVIDE (__bss_end, .)
                0x000078c8                __data_load_start = LOADADDR (.data)
                0x00007b32                __data_load_end = (__data_load_start + SIZEOF (.data))

.noinit         0x00800d36        0x0
                0x00800d36                PROVIDE (__noinit_start, .)
 *(.noinit*)
                0x00800d36                PROVIDE (__noinit_end, .)
                0x00800d36                _end = .
                0x00800d36                PROVIDE (__heap_start, .)

.eeprom         0x00810000        0x0
 *(.eeprom*)
                0x00810000                __eeprom_end = .

.fuse
 *(.fuse)
 *(.lfuse)
 *(.hfuse)
 *(.efuse)

.lock
 *(.lock*)

.signature
 *(.signature*)

.stab           0x00000000     0x2ee0
 *(.stab)
 .stab          0x00000000      0x6cc /usr/lib/gcc/avr/4.5.3/../../../avr/lib/avr51/crtm128.o
 .stab          0x000006cc      0x750 /usr/lib/gcc/avr/4.5.3/../../../avr/lib/avr51/libc.a(malloc.o)
                                0x75c (size before relaxing)
 .stab          0x00000e1c      0x2d0 /usr/lib/gcc/avr/4.5.3/../../../avr/lib/avr51/libc.a(rand.o)
                                0x330 (size before relaxing)
 .stab          0x000010ec       0x84 /usr/lib/gcc/avr/4.5.3/../../../avr/lib/avr51/libc.a(memcpy.o)
                                 0x90 (size before relaxing)
 .stab          0x00001170       0x6c /usr/lib/gcc/avr/4.5.3/../../../avr/lib/avr51/libc.a(memset.o)
                                 0x78 (size before relaxing)
 .stab          0x000011dc      0x180 /usr/lib/gcc/avr/4.5.3/../../../avr/lib/avr51/libc.a(iob.o)
                                0x30c (size before relaxing)
 .stab          0x0000135c      0x18c /usr/lib/gcc/avr/4.5.3/../../../avr/lib/avr51/libc.a(printf.o)
                                0x36c (size before relaxing)
 .stab          0x000014e8      0x1a4 /usr/lib/gcc/avr/4.5.3/../../../avr/lib/avr51/libc.a(printf_p.o)
                                0x384 (size before relaxing)
 .stab          0x0000168c      0x180 /usr/lib/gcc/avr/4.5.3/../../../avr/lib/avr51/libc.a(putchar.o)
                                0x360 (size before relaxing)
 .stab          0x0000180c      0x1f8 /usr/lib/gcc/avr/4.5.3/../../../avr/lib/avr51/libc.a(puts.o)
                                0x3d8 (size before relaxing)
 .stab          0x00001a04      0xac8 /usr/lib/gcc/avr/4.5.3/../../../avr/lib/avr51/libc.a(vfprintf_std.o)
                                0xcd8 (size before relaxing)
 .stab          0x000024cc      0x108 /usr/lib/gcc/avr/4.5.3/../../../avr/lib/avr51/libc.a(eerd_block_atmega128.o)
                                0x114 (size before relaxing)
 .stab          0x000025d4       0x9c /usr/lib/gcc/avr/4.5.3/../../../avr/lib/avr51/libc.a(eewr_block_atmega128.o)
                                 0xa8 (size before relaxing)
 .stab          0x00002670       0xd8 /usr/lib/gcc/avr/4.5.3/../../../avr/lib/avr51/libc.a(eewr_byte_atmega128.o)
                                 0xe4 (size before relaxing)
 .stab          0x00002748       0x9c /usr/lib/gcc/avr/4.5.3/../../../avr/lib/avr51/libc.a(strnlen_P.o)
                                 0xa8 (size before relaxing)
 .stab          0x000027e4       0x9c /usr/lib/gcc/avr/4.5.3/../../../avr/lib/avr51/libc.a(strnlen.o)
                                 0xa8 (size before relaxing)
 .stab          0x00002880      0x1e0 /usr/lib/gcc/avr/4.5.3/../../../avr/lib/avr51/libc.a(fputc.o)
                                0x3c0 (size before relaxing)
 .stab          0x00002a60      0x480 /usr/lib/gcc/avr/4.5.3/../../../avr/lib/avr51/libc.a(ultoa_invert.o)
                                0x48c (size before relaxing)

.stabstr        0x00000000     0x1067
 *(.stabstr)
 .stabstr       0x00000000     0x1067 /usr/lib/gcc/avr/4.5.3/../../../avr/lib/avr51/crtm128.o

.stab.excl
 *(.stab.excl)

.stab.exclstr
 *(.stab.exclstr)

.stab.index
 *(.stab.index)

.stab.indexstr
 *(.stab.indexstr)

.comment
 *(.comment)

.debug
 *(.debug)

.line
 *(.line)

.debug_srcinfo
 *(.debug_srcinfo)

.debug_sfnames
 *(.debug_sfnames)

.debug_aranges  0x00000000      0x5d8
 *(.debug_aranges)
 .debug_aranges
                0x00000000       0x88 node.co
 .debug_aranges
                0x00000088       0x20 contiki-micaz.a(broadcast.o)
 .debug_aranges
                0x000000a8       0x20 contiki-micaz.a(unicast.o)
 .debug_aranges
                0x000000c8       0x20 contiki-micaz.a(abc.o)
 .debug_aranges
                0x000000e8       0x20 contiki-micaz.a(channel.o)
 .debug_aranges
                0x00000108       0x20 contiki-micaz.a(process.o)
 .debug_aranges
                0x00000128       0x20 contiki-micaz.a(list.o)
 .debug_aranges
                0x00000148       0x20 contiki-micaz.a(etimer.o)
 .debug_aranges
                0x00000168       0x20 contiki-micaz.a(random.o)
 .debug_aranges
                0x00000188       0x20 contiki-micaz.a(packetbuf.o)
 .debug_aranges
                0x000001a8       0x28 contiki-micaz.a(contiki-micaz-m)
 .debug_aranges
                0x000001d0       0x20 contiki-micaz.a(cc2420.o)
 .debug_aranges
                0x000001f0       0x20 contiki-micaz.a(init-net.o)
 .debug_aranges
                0x00000210       0x28 contiki-micaz.a(node-id.o)
 .debug_aranges
                0x00000238       0x20 contiki-micaz.a(clock.o)
 .debug_aranges
                0x00000258       0x20 contiki-micaz.a(cc2420-arch.o)
 .debug_aranges
                0x00000278       0x20 contiki-micaz.a(ds2401.o)
 .debug_aranges
                0x00000298       0x20 contiki-micaz.a(eeprom.o)
 .debug_aranges
                0x000002b8       0x20 contiki-micaz.a(leds.o)
 .debug_aranges
                0x000002d8       0x20 contiki-micaz.a(rimeaddr.o)
 .debug_aranges
                0x000002f8       0x20 contiki-micaz.a(rime.o)
 .debug_aranges
                0x00000318       0x20 contiki-micaz.a(announcement.o)
 .debug_aranges
                0x00000338       0x20 contiki-micaz.a(broadcast-annou)
 .debug_aranges
                0x00000358       0x20 contiki-micaz.a(chameleon.o)
 .debug_aranges
                0x00000378       0x20 contiki-micaz.a(chameleon-bitop)
 .debug_aranges
                0x00000398       0x20 contiki-micaz.a(cxmac.o)
 .debug_aranges
                0x000003b8       0x20 contiki-micaz.a(mac.o)
 .debug_aranges
                0x000003d8       0x20 contiki-micaz.a(framer-802154.o)
 .debug_aranges
                0x000003f8       0x20 contiki-micaz.a(csma.o)
 .debug_aranges
                0x00000418       0x20 contiki-micaz.a(autostart.o)
 .debug_aranges
                0x00000438       0x20 contiki-micaz.a(compower.o)
 .debug_aranges
                0x00000458       0x20 contiki-micaz.a(memb.o)
 .debug_aranges
                0x00000478       0x20 contiki-micaz.a(timer.o)
 .debug_aranges
                0x00000498       0x20 contiki-micaz.a(ctimer.o)
 .debug_aranges
                0x000004b8       0x20 contiki-micaz.a(energest.o)
 .debug_aranges
                0x000004d8       0x20 contiki-micaz.a(rtimer.o)
 .debug_aranges
                0x000004f8       0x20 contiki-micaz.a(queuebuf.o)
 .debug_aranges
                0x00000518       0x20 contiki-micaz.a(rs232.o)
 .debug_aranges
                0x00000538       0x20 contiki-micaz.a(leds-arch.o)
 .debug_aranges
                0x00000558       0x20 contiki-micaz.a(spi.o)
 .debug_aranges
                0x00000578       0x20 contiki-micaz.a(rtimer-arch.o)
 .debug_aranges
                0x00000598       0x20 contiki-micaz.a(watchdog.o)
 .debug_aranges
                0x000005b8       0x20 contiki-micaz.a(frame802154.o)

.debug_pubnames
                0x00000000     0x1769
 *(.debug_pubnames)
 .debug_pubnames
                0x00000000      0x1b8 node.co
 .debug_pubnames
                0x000001b8       0x30 symbols.o
 .debug_pubnames
                0x000001e8       0x4c contiki-micaz.a(broadcast.o)
 .debug_pubnames
                0x00000234       0x46 contiki-micaz.a(unicast.o)
 .debug_pubnames
                0x0000027a       0x55 contiki-micaz.a(abc.o)
 .debug_pubnames
                0x000002cf       0x74 contiki-micaz.a(channel.o)
 .debug_pubnames
                0x00000343      0x10d contiki-micaz.a(process.o)
 .debug_pubnames
                0x00000450       0xc3 contiki-micaz.a(list.o)
 .debug_pubnames
                0x00000513      0x109 contiki-micaz.a(etimer.o)
 .debug_pubnames
                0x0000061c       0x32 contiki-micaz.a(random.o)
 .debug_pubnames
                0x0000064e      0x22c contiki-micaz.a(packetbuf.o)
 .debug_pubnames
                0x0000087a       0x2a contiki-micaz.a(contiki-micaz-m)
 .debug_pubnames
                0x000008a4      0x236 contiki-micaz.a(cc2420.o)
 .debug_pubnames
                0x00000ada       0x1f contiki-micaz.a(init-net.o)
 .debug_pubnames
                0x00000af9       0x43 contiki-micaz.a(node-id.o)
 .debug_pubnames
                0x00000b3c       0x87 contiki-micaz.a(clock.o)
 .debug_pubnames
                0x00000bc3       0x36 contiki-micaz.a(cc2420-arch.o)
 .debug_pubnames
                0x00000bf9       0x30 contiki-micaz.a(ds2401.o)
 .debug_pubnames
                0x00000c29       0x33 contiki-micaz.a(eeprom.o)
 .debug_pubnames
                0x00000c5c       0x75 contiki-micaz.a(leds.o)
 .debug_pubnames
                0x00000cd1       0x79 contiki-micaz.a(rimeaddr.o)
 .debug_pubnames
                0x00000d4a       0x5f contiki-micaz.a(rime.o)
 .debug_pubnames
                0x00000da9       0x20 contiki-micaz.a(rimestats.o)
 .debug_pubnames
                0x00000dc9      0x144 contiki-micaz.a(announcement.o)
 .debug_pubnames
                0x00000f0d       0x7d contiki-micaz.a(broadcast-annou)
 .debug_pubnames
                0x00000f8a       0x64 contiki-micaz.a(chameleon.o)
 .debug_pubnames
                0x00000fee       0x6b contiki-micaz.a(chameleon-bitop)
 .debug_pubnames
                0x00001059       0x6c contiki-micaz.a(cxmac.o)
 .debug_pubnames
                0x000010c5       0x2d contiki-micaz.a(mac.o)
 .debug_pubnames
                0x000010f2       0x24 contiki-micaz.a(framer-802154.o)
 .debug_pubnames
                0x00001116       0x22 contiki-micaz.a(csma.o)
 .debug_pubnames
                0x00001138       0x39 contiki-micaz.a(autostart.o)
 .debug_pubnames
                0x00001171       0x9e contiki-micaz.a(compower.o)
 .debug_pubnames
                0x0000120f       0x4d contiki-micaz.a(memb.o)
 .debug_pubnames
                0x0000125c       0x68 contiki-micaz.a(timer.o)
 .debug_pubnames
                0x000012c4       0x8b contiki-micaz.a(ctimer.o)
 .debug_pubnames
                0x0000134f       0x64 contiki-micaz.a(energest.o)
 .debug_pubnames
                0x000013b3       0x45 contiki-micaz.a(rtimer.o)
 .debug_pubnames
                0x000013f8       0xff contiki-micaz.a(queuebuf.o)
 .debug_pubnames
                0x000014f7       0xe4 contiki-micaz.a(rs232.o)
 .debug_pubnames
                0x000015db       0x49 contiki-micaz.a(leds-arch.o)
 .debug_pubnames
                0x00001624       0x2c contiki-micaz.a(spi.o)
 .debug_pubnames
                0x00001650       0x50 contiki-micaz.a(rtimer-arch.o)
 .debug_pubnames
                0x000016a0       0x73 contiki-micaz.a(watchdog.o)
 .debug_pubnames
                0x00001713       0x56 contiki-micaz.a(frame802154.o)

.debug_info     0x00000000     0xc58a
 *(.debug_info)
 .debug_info    0x00000000     0x1066 node.co
 .debug_info    0x00001066       0xaf symbols.o
 .debug_info    0x00001115      0x585 contiki-micaz.a(broadcast.o)
 .debug_info    0x0000169a      0x62c contiki-micaz.a(unicast.o)
 .debug_info    0x00001cc6      0x450 contiki-micaz.a(abc.o)
 .debug_info    0x00002116      0x2ee contiki-micaz.a(channel.o)
 .debug_info    0x00002404      0x570 contiki-micaz.a(process.o)
 .debug_info    0x00002974      0x345 contiki-micaz.a(list.o)
 .debug_info    0x00002cb9      0x4ce contiki-micaz.a(etimer.o)
 .debug_info    0x00003187       0xa3 contiki-micaz.a(random.o)
 .debug_info    0x0000322a      0x625 contiki-micaz.a(packetbuf.o)
 .debug_info    0x0000384f      0x2c6 contiki-micaz.a(contiki-micaz-m)
 .debug_info    0x00003b15     0x131a contiki-micaz.a(cc2420.o)
 .debug_info    0x00004e2f      0x48b contiki-micaz.a(init-net.o)
 .debug_info    0x000052ba      0x14d contiki-micaz.a(node-id.o)
 .debug_info    0x00005407      0x1ed contiki-micaz.a(clock.o)
 .debug_info    0x000055f4      0x16a contiki-micaz.a(cc2420-arch.o)
 .debug_info    0x0000575e      0x361 contiki-micaz.a(ds2401.o)
 .debug_info    0x00005abf      0x119 contiki-micaz.a(eeprom.o)
 .debug_info    0x00005bd8      0x1c6 contiki-micaz.a(leds.o)
 .debug_info    0x00005d9e      0x1e9 contiki-micaz.a(rimeaddr.o)
 .debug_info    0x00005f87      0x60b contiki-micaz.a(rime.o)
 .debug_info    0x00006592      0x142 contiki-micaz.a(rimestats.o)
 .debug_info    0x000066d4      0x3e9 contiki-micaz.a(announcement.o)
 .debug_info    0x00006abd      0x854 contiki-micaz.a(broadcast-annou)
 .debug_info    0x00007311      0x420 contiki-micaz.a(chameleon.o)
 .debug_info    0x00007731      0x7c3 contiki-micaz.a(chameleon-bitop)
 .debug_info    0x00007ef4     0x10b8 contiki-micaz.a(cxmac.o)
 .debug_info    0x00008fac      0x110 contiki-micaz.a(mac.o)
 .debug_info    0x000090bc      0x653 contiki-micaz.a(framer-802154.o)
 .debug_info    0x0000970f      0xbda contiki-micaz.a(csma.o)
 .debug_info    0x0000a2e9      0x19b contiki-micaz.a(autostart.o)
 .debug_info    0x0000a484      0x466 contiki-micaz.a(compower.o)
 .debug_info    0x0000a8ea      0x1a9 contiki-micaz.a(memb.o)
 .debug_info    0x0000aa93      0x180 contiki-micaz.a(timer.o)
 .debug_info    0x0000ac13      0x468 contiki-micaz.a(ctimer.o)
 .debug_info    0x0000b07b       0xff contiki-micaz.a(energest.o)
 .debug_info    0x0000b17a      0x1ba contiki-micaz.a(rtimer.o)
 .debug_info    0x0000b334      0x6e2 contiki-micaz.a(queuebuf.o)
 .debug_info    0x0000ba16      0x3b2 contiki-micaz.a(rs232.o)
 .debug_info    0x0000bdc8       0xbd contiki-micaz.a(leds-arch.o)
 .debug_info    0x0000be85       0x93 contiki-micaz.a(spi.o)
 .debug_info    0x0000bf18       0xf5 contiki-micaz.a(rtimer-arch.o)
 .debug_info    0x0000c00d       0xd9 contiki-micaz.a(watchdog.o)
 .debug_info    0x0000c0e6      0x4a4 contiki-micaz.a(frame802154.o)
 *(.gnu.linkonce.wi.*)

.debug_abbrev   0x00000000     0x4438
 *(.debug_abbrev)
 .debug_abbrev  0x00000000      0x3a0 node.co
 .debug_abbrev  0x000003a0       0x82 symbols.o
 .debug_abbrev  0x00000422      0x1e5 contiki-micaz.a(broadcast.o)
 .debug_abbrev  0x00000607      0x1f6 contiki-micaz.a(unicast.o)
 .debug_abbrev  0x000007fd      0x180 contiki-micaz.a(abc.o)
 .debug_abbrev  0x0000097d      0x167 contiki-micaz.a(channel.o)
 .debug_abbrev  0x00000ae4      0x2dd contiki-micaz.a(process.o)
 .debug_abbrev  0x00000dc1      0x138 contiki-micaz.a(list.o)
 .debug_abbrev  0x00000ef9      0x209 contiki-micaz.a(etimer.o)
 .debug_abbrev  0x00001102       0x65 contiki-micaz.a(random.o)
 .debug_abbrev  0x00001167      0x229 contiki-micaz.a(packetbuf.o)
 .debug_abbrev  0x00001390      0x139 contiki-micaz.a(contiki-micaz-m)
 .debug_abbrev  0x000014c9      0x410 contiki-micaz.a(cc2420.o)
 .debug_abbrev  0x000018d9      0x1a4 contiki-micaz.a(init-net.o)
 .debug_abbrev  0x00001a7d       0xce contiki-micaz.a(node-id.o)
 .debug_abbrev  0x00001b4b       0xe2 contiki-micaz.a(clock.o)
 .debug_abbrev  0x00001c2d       0xc6 contiki-micaz.a(cc2420-arch.o)
 .debug_abbrev  0x00001cf3      0x194 contiki-micaz.a(ds2401.o)
 .debug_abbrev  0x00001e87       0x88 contiki-micaz.a(eeprom.o)
 .debug_abbrev  0x00001f0f       0xd2 contiki-micaz.a(leds.o)
 .debug_abbrev  0x00001fe1      0x17b contiki-micaz.a(rimeaddr.o)
 .debug_abbrev  0x0000215c      0x1f9 contiki-micaz.a(rime.o)
 .debug_abbrev  0x00002355       0x5b contiki-micaz.a(rimestats.o)
 .debug_abbrev  0x000023b0      0x168 contiki-micaz.a(announcement.o)
 .debug_abbrev  0x00002518      0x22c contiki-micaz.a(broadcast-annou)
 .debug_abbrev  0x00002744      0x1ca contiki-micaz.a(chameleon.o)
 .debug_abbrev  0x0000290e      0x262 contiki-micaz.a(chameleon-bitop)
 .debug_abbrev  0x00002b70      0x3b4 contiki-micaz.a(cxmac.o)
 .debug_abbrev  0x00002f24       0x9e contiki-micaz.a(mac.o)
 .debug_abbrev  0x00002fc2      0x225 contiki-micaz.a(framer-802154.o)
 .debug_abbrev  0x000031e7      0x372 contiki-micaz.a(csma.o)
 .debug_abbrev  0x00003559       0xf3 contiki-micaz.a(autostart.o)
 .debug_abbrev  0x0000364c      0x201 contiki-micaz.a(compower.o)
 .debug_abbrev  0x0000384d       0xe8 contiki-micaz.a(memb.o)
 .debug_abbrev  0x00003935       0xd0 contiki-micaz.a(timer.o)
 .debug_abbrev  0x00003a05      0x1b3 contiki-micaz.a(ctimer.o)
 .debug_abbrev  0x00003bb8       0x8b contiki-micaz.a(energest.o)
 .debug_abbrev  0x00003c43      0x128 contiki-micaz.a(rtimer.o)
 .debug_abbrev  0x00003d6b      0x1f1 contiki-micaz.a(queuebuf.o)
 .debug_abbrev  0x00003f5c      0x184 contiki-micaz.a(rs232.o)
 .debug_abbrev  0x000040e0       0x85 contiki-micaz.a(leds-arch.o)
 .debug_abbrev  0x00004165       0x5b contiki-micaz.a(spi.o)
 .debug_abbrev  0x000041c0       0x94 contiki-micaz.a(rtimer-arch.o)
 .debug_abbrev  0x00004254       0x4a contiki-micaz.a(watchdog.o)
 .debug_abbrev  0x0000429e      0x19a contiki-micaz.a(frame802154.o)

.debug_line     0x00000000     0x7adb
 *(.debug_line)
 .debug_line    0x00000000      0xa88 node.co
 .debug_line    0x00000a88       0x6a symbols.o
 .debug_line    0x00000af2      0x1d1 contiki-micaz.a(broadcast.o)
 .debug_line    0x00000cc3      0x1e1 contiki-micaz.a(unicast.o)
 .debug_line    0x00000ea4      0x19b contiki-micaz.a(abc.o)
 .debug_line    0x0000103f      0x1c9 contiki-micaz.a(channel.o)
 .debug_line    0x00001208      0x45b contiki-micaz.a(process.o)
 .debug_line    0x00001663      0x2c5 contiki-micaz.a(list.o)
 .debug_line    0x00001928      0x3fb contiki-micaz.a(etimer.o)
 .debug_line    0x00001d23       0x96 contiki-micaz.a(random.o)
 .debug_line    0x00001db9      0x3f0 contiki-micaz.a(packetbuf.o)
 .debug_line    0x000021a9      0x23c contiki-micaz.a(contiki-micaz-m)
 .debug_line    0x000023e5      0xe41 contiki-micaz.a(cc2420.o)
 .debug_line    0x00003226      0x22f contiki-micaz.a(init-net.o)
 .debug_line    0x00003455      0x152 contiki-micaz.a(node-id.o)
 .debug_line    0x000035a7      0x238 contiki-micaz.a(clock.o)
 .debug_line    0x000037df      0x18c contiki-micaz.a(cc2420-arch.o)
 .debug_line    0x0000396b      0x2e2 contiki-micaz.a(ds2401.o)
 .debug_line    0x00003c4d      0x109 contiki-micaz.a(eeprom.o)
 .debug_line    0x00003d56      0x15e contiki-micaz.a(leds.o)
 .debug_line    0x00003eb4      0x105 contiki-micaz.a(rimeaddr.o)
 .debug_line    0x00003fb9      0x2a8 contiki-micaz.a(rime.o)
 .debug_line    0x00004261       0x7d contiki-micaz.a(rimestats.o)
 .debug_line    0x000042de      0x277 contiki-micaz.a(announcement.o)
 .debug_line    0x00004555      0x390 contiki-micaz.a(broadcast-annou)
 .debug_line    0x000048e5      0x1a3 contiki-micaz.a(chameleon.o)
 .debug_line    0x00004a88      0x473 contiki-micaz.a(chameleon-bitop)
 .debug_line    0x00004efb      0x9b9 contiki-micaz.a(cxmac.o)
 .debug_line    0x000058b4       0x88 contiki-micaz.a(mac.o)
 .debug_line    0x0000593c      0x310 contiki-micaz.a(framer-802154.o)
 .debug_line    0x00005c4c      0x597 contiki-micaz.a(csma.o)
 .debug_line    0x000061e3       0xed contiki-micaz.a(autostart.o)
 .debug_line    0x000062d0      0x1f9 contiki-micaz.a(compower.o)
 .debug_line    0x000064c9      0x168 contiki-micaz.a(memb.o)
 .debug_line    0x00006631      0x12d contiki-micaz.a(timer.o)
 .debug_line    0x0000675e      0x34a contiki-micaz.a(ctimer.o)
 .debug_line    0x00006aa8       0xa8 contiki-micaz.a(energest.o)
 .debug_line    0x00006b50      0x102 contiki-micaz.a(rtimer.o)
 .debug_line    0x00006c52      0x2fa contiki-micaz.a(queuebuf.o)
 .debug_line    0x00006f4c      0x276 contiki-micaz.a(rs232.o)
 .debug_line    0x000071c2      0x133 contiki-micaz.a(leds-arch.o)
 .debug_line    0x000072f5       0xcc contiki-micaz.a(spi.o)
 .debug_line    0x000073c1      0x18c contiki-micaz.a(rtimer-arch.o)
 .debug_line    0x0000754d      0x109 contiki-micaz.a(watchdog.o)
 .debug_line    0x00007656      0x485 contiki-micaz.a(frame802154.o)

.debug_frame    0x00000000     0x1470
 *(.debug_frame)
 .debug_frame   0x00000000       0xf0 node.co
 .debug_frame   0x000000f0       0x60 contiki-micaz.a(broadcast.o)
 .debug_frame   0x00000150       0x60 contiki-micaz.a(unicast.o)
 .debug_frame   0x000001b0       0x60 contiki-micaz.a(abc.o)
 .debug_frame   0x00000210       0x60 contiki-micaz.a(channel.o)
 .debug_frame   0x00000270       0xe0 contiki-micaz.a(process.o)
 .debug_frame   0x00000350       0xd0 contiki-micaz.a(list.o)
 .debug_frame   0x00000420       0xf0 contiki-micaz.a(etimer.o)
 .debug_frame   0x00000510       0x30 contiki-micaz.a(random.o)
 .debug_frame   0x00000540      0x160 contiki-micaz.a(packetbuf.o)
 .debug_frame   0x000006a0       0x30 contiki-micaz.a(contiki-micaz-m)
 .debug_frame   0x000006d0      0x1f0 contiki-micaz.a(cc2420.o)
 .debug_frame   0x000008c0       0x20 contiki-micaz.a(init-net.o)
 .debug_frame   0x000008e0       0x30 contiki-micaz.a(node-id.o)
 .debug_frame   0x00000910       0x80 contiki-micaz.a(clock.o)
 .debug_frame   0x00000990       0x30 contiki-micaz.a(cc2420-arch.o)
 .debug_frame   0x000009c0       0x40 contiki-micaz.a(ds2401.o)
 .debug_frame   0x00000a00       0x30 contiki-micaz.a(eeprom.o)
 .debug_frame   0x00000a30       0x90 contiki-micaz.a(leds.o)
 .debug_frame   0x00000ac0       0x40 contiki-micaz.a(rimeaddr.o)
 .debug_frame   0x00000b00       0x70 contiki-micaz.a(rime.o)
 .debug_frame   0x00000b70       0xc0 contiki-micaz.a(announcement.o)
 .debug_frame   0x00000c30       0xa0 contiki-micaz.a(broadcast-annou)
 .debug_frame   0x00000cd0       0x50 contiki-micaz.a(chameleon.o)
 .debug_frame   0x00000d20       0x80 contiki-micaz.a(chameleon-bitop)
 .debug_frame   0x00000da0       0xe0 contiki-micaz.a(cxmac.o)
 .debug_frame   0x00000e80       0x20 contiki-micaz.a(mac.o)
 .debug_frame   0x00000ea0       0x30 contiki-micaz.a(framer-802154.o)
 .debug_frame   0x00000ed0       0xb0 contiki-micaz.a(csma.o)
 .debug_frame   0x00000f80       0x30 contiki-micaz.a(autostart.o)
 .debug_frame   0x00000fb0       0x60 contiki-micaz.a(compower.o)
 .debug_frame   0x00001010       0x50 contiki-micaz.a(memb.o)
 .debug_frame   0x00001060       0x60 contiki-micaz.a(timer.o)
 .debug_frame   0x000010c0       0x80 contiki-micaz.a(ctimer.o)
 .debug_frame   0x00001140       0x50 contiki-micaz.a(energest.o)
 .debug_frame   0x00001190       0x40 contiki-micaz.a(rtimer.o)
 .debug_frame   0x000011d0       0xb0 contiki-micaz.a(queuebuf.o)
 .debug_frame   0x00001280       0xa0 contiki-micaz.a(rs232.o)
 .debug_frame   0x00001320       0x40 contiki-micaz.a(leds-arch.o)
 .debug_frame   0x00001360       0x20 contiki-micaz.a(spi.o)
 .debug_frame   0x00001380       0x40 contiki-micaz.a(rtimer-arch.o)
 .debug_frame   0x000013c0       0x60 contiki-micaz.a(watchdog.o)
 .debug_frame   0x00001420       0x50 contiki-micaz.a(frame802154.o)

.debug_str      0x00000000     0x320a
 *(.debug_str)
 .debug_str     0x00000000      0x445 node.co
                                0x56e (size before relaxing)
 .debug_str     0x00000445       0x20 symbols.o
                                 0x8c (size before relaxing)
 .debug_str     0x00000465      0x375 contiki-micaz.a(broadcast.o)
                                0x510 (size before relaxing)
 .debug_str     0x000007da       0x82 contiki-micaz.a(unicast.o)
                                0x53a (size before relaxing)
 .debug_str     0x0000085c       0x56 contiki-micaz.a(abc.o)
                                0x4a1 (size before relaxing)
 .debug_str     0x000008b2       0x9f contiki-micaz.a(channel.o)
                                0x1da (size before relaxing)
 .debug_str     0x00000951      0x17c contiki-micaz.a(process.o)
                                0x26c (size before relaxing)
 .debug_str     0x00000acd       0xba contiki-micaz.a(list.o)
                                 0xdc (size before relaxing)
 .debug_str     0x00000b87      0x140 contiki-micaz.a(etimer.o)
                                0x279 (size before relaxing)
 .debug_str     0x00000cc7       0x42 contiki-micaz.a(random.o)
                                 0xc8 (size before relaxing)
 .debug_str     0x00000d09      0x1fa contiki-micaz.a(packetbuf.o)
                                0x5ef (size before relaxing)
 .debug_str     0x00000f03       0x93 contiki-micaz.a(contiki-micaz-m)
                                0x1f9 (size before relaxing)
 .debug_str     0x00000f96      0x8e6 contiki-micaz.a(cc2420.o)
                                0xdc0 (size before relaxing)
 .debug_str     0x0000187c       0x8e contiki-micaz.a(init-net.o)
                                0x22f (size before relaxing)
 .debug_str     0x0000190a       0x62 contiki-micaz.a(node-id.o)
                                0x149 (size before relaxing)
 .debug_str     0x0000196c       0x8e contiki-micaz.a(clock.o)
                                0x142 (size before relaxing)
 .debug_str     0x000019fa       0x50 contiki-micaz.a(cc2420-arch.o)
                                0x14b (size before relaxing)
 .debug_str     0x00001a4a       0x7f contiki-micaz.a(ds2401.o)
                                0x135 (size before relaxing)
 .debug_str     0x00001ac9       0x36 contiki-micaz.a(eeprom.o)
                                 0xf5 (size before relaxing)
 .debug_str     0x00001aff       0x81 contiki-micaz.a(leds.o)
                                0x113 (size before relaxing)
 .debug_str     0x00001b80       0x6a contiki-micaz.a(rimeaddr.o)
                                0x129 (size before relaxing)
 .debug_str     0x00001bea       0xf0 contiki-micaz.a(rime.o)
                                0x34c (size before relaxing)
 .debug_str     0x00001cda       0x2d contiki-micaz.a(rimestats.o)
                                 0xde (size before relaxing)
 .debug_str     0x00001d07      0x1ac contiki-micaz.a(announcement.o)
                                0x2b4 (size before relaxing)
 .debug_str     0x00001eb3      0x186 contiki-micaz.a(broadcast-annou)
                                0x407 (size before relaxing)
 .debug_str     0x00002039       0x91 contiki-micaz.a(chameleon.o)
                                0x4b8 (size before relaxing)
 .debug_str     0x000020ca       0xd1 contiki-micaz.a(chameleon-bitop)
                                0x54f (size before relaxing)
 .debug_str     0x0000219b      0x32f contiki-micaz.a(cxmac.o)
                                0xa14 (size before relaxing)
 .debug_str     0x000024ca       0x3d contiki-micaz.a(mac.o)
                                0x13e (size before relaxing)
 .debug_str     0x00002507      0x1ac contiki-micaz.a(framer-802154.o)
                                0x5fe (size before relaxing)
 .debug_str     0x000026b3      0x1f3 contiki-micaz.a(csma.o)
                                0x7d5 (size before relaxing)
 .debug_str     0x000028a6       0x47 contiki-micaz.a(autostart.o)
                                0x124 (size before relaxing)
 .debug_str     0x000028ed      0x1c5 contiki-micaz.a(compower.o)
                                0x5e1 (size before relaxing)
 .debug_str     0x00002ab2       0x53 contiki-micaz.a(memb.o)
                                 0xee (size before relaxing)
 .debug_str     0x00002b05       0x34 contiki-micaz.a(timer.o)
                                0x113 (size before relaxing)
 .debug_str     0x00002b39       0xba contiki-micaz.a(ctimer.o)
                                0x20d (size before relaxing)
 .debug_str     0x00002bf3       0x69 contiki-micaz.a(energest.o)
                                 0xf4 (size before relaxing)
 .debug_str     0x00002c5c       0xc5 contiki-micaz.a(rtimer.o)
                                0x16b (size before relaxing)
 .debug_str     0x00002d21      0x197 contiki-micaz.a(queuebuf.o)
                                0x5bd (size before relaxing)
 .debug_str     0x00002eb8      0x117 contiki-micaz.a(rs232.o)
                                0x1c0 (size before relaxing)
 .debug_str     0x00002fcf       0x5d contiki-micaz.a(leds-arch.o)
                                 0xf0 (size before relaxing)
 .debug_str     0x0000302c       0x35 contiki-micaz.a(spi.o)
                                 0xc3 (size before relaxing)
 .debug_str     0x00003061       0x5d contiki-micaz.a(rtimer-arch.o)
                                0x10d (size before relaxing)
 .debug_str     0x000030be       0x75 contiki-micaz.a(watchdog.o)
                                 0xf9 (size before relaxing)
 .debug_str     0x00003133       0xd7 contiki-micaz.a(frame802154.o)
                                0x2e7 (size before relaxing)

.debug_loc      0x00000000     0x5ae9
 *(.debug_loc)
 .debug_loc     0x00000000     0x1145 node.co
 .debug_loc     0x00001145      0x158 contiki-micaz.a(broadcast.o)
 .debug_loc     0x0000129d      0x1b0 contiki-micaz.a(unicast.o)
 .debug_loc     0x0000144d      0x138 contiki-micaz.a(abc.o)
 .debug_loc     0x00001585      0x12c contiki-micaz.a(channel.o)
 .debug_loc     0x000016b1      0x38f contiki-micaz.a(process.o)
 .debug_loc     0x00001a40      0x41c contiki-micaz.a(list.o)
 .debug_loc     0x00001e5c      0x42e contiki-micaz.a(etimer.o)
 .debug_loc     0x0000228a       0x18 contiki-micaz.a(random.o)
 .debug_loc     0x000022a2      0x217 contiki-micaz.a(packetbuf.o)
 .debug_loc     0x000024b9      0x7a0 contiki-micaz.a(cc2420.o)
 .debug_loc     0x00002c59       0x5c contiki-micaz.a(init-net.o)
 .debug_loc     0x00002cb5       0x63 contiki-micaz.a(node-id.o)
 .debug_loc     0x00002d18       0x68 contiki-micaz.a(clock.o)
 .debug_loc     0x00002d80      0x2bb contiki-micaz.a(ds2401.o)
 .debug_loc     0x0000303b       0xd0 contiki-micaz.a(eeprom.o)
 .debug_loc     0x0000310b       0xbe contiki-micaz.a(leds.o)
 .debug_loc     0x000031c9      0x118 contiki-micaz.a(rimeaddr.o)
 .debug_loc     0x000032e1      0x168 contiki-micaz.a(rime.o)
 .debug_loc     0x00003449      0x224 contiki-micaz.a(announcement.o)
 .debug_loc     0x0000366d      0x26b contiki-micaz.a(broadcast-annou)
 .debug_loc     0x000038d8       0xd4 contiki-micaz.a(chameleon.o)
 .debug_loc     0x000039ac      0x688 contiki-micaz.a(chameleon-bitop)
 .debug_loc     0x00004034      0x7ae contiki-micaz.a(cxmac.o)
 .debug_loc     0x000047e2       0x90 contiki-micaz.a(mac.o)
 .debug_loc     0x00004872       0xd1 contiki-micaz.a(framer-802154.o)
 .debug_loc     0x00004943      0x3b1 contiki-micaz.a(csma.o)
 .debug_loc     0x00004cf4       0x58 contiki-micaz.a(autostart.o)
 .debug_loc     0x00004d4c       0xac contiki-micaz.a(compower.o)
 .debug_loc     0x00004df8      0x1b0 contiki-micaz.a(memb.o)
 .debug_loc     0x00004fa8      0x10c contiki-micaz.a(timer.o)
 .debug_loc     0x000050b4      0x311 contiki-micaz.a(ctimer.o)
 .debug_loc     0x000053c5       0xc7 contiki-micaz.a(rtimer.o)
 .debug_loc     0x0000548c      0x203 contiki-micaz.a(queuebuf.o)
 .debug_loc     0x0000568f      0x123 contiki-micaz.a(rs232.o)
 .debug_loc     0x000057b2       0x24 contiki-micaz.a(rtimer-arch.o)
 .debug_loc     0x000057d6      0x313 contiki-micaz.a(frame802154.o)

.debug_macinfo
 *(.debug_macinfo)
OUTPUT(node.elf elf32-avr)
LOAD linker stubs

.bootloader     0x0001f800        0x0

.debug_pubtypes
                0x00000000     0x1830
 .debug_pubtypes
                0x00000000      0x18c node.co
 .debug_pubtypes
                0x0000018c       0x1e symbols.o
 .debug_pubtypes
                0x000001aa       0xe2 contiki-micaz.a(broadcast.o)
 .debug_pubtypes
                0x0000028c      0x109 contiki-micaz.a(unicast.o)
 .debug_pubtypes
                0x00000395       0xb7 contiki-micaz.a(abc.o)
 .debug_pubtypes
                0x0000044c       0xa3 contiki-micaz.a(channel.o)
 .debug_pubtypes
                0x000004ef       0x7d contiki-micaz.a(process.o)
 .debug_pubtypes
                0x0000056c       0x26 contiki-micaz.a(list.o)
 .debug_pubtypes
                0x00000592       0x7b contiki-micaz.a(etimer.o)
 .debug_pubtypes
                0x0000060d       0x12 contiki-micaz.a(random.o)
 .debug_pubtypes
                0x0000061f       0x75 contiki-micaz.a(packetbuf.o)
 .debug_pubtypes
                0x00000694       0xac contiki-micaz.a(contiki-micaz-m)
 .debug_pubtypes
                0x00000740      0x165 contiki-micaz.a(cc2420.o)
 .debug_pubtypes
                0x000008a5       0x8f contiki-micaz.a(init-net.o)
 .debug_pubtypes
                0x00000934       0x2b contiki-micaz.a(node-id.o)
 .debug_pubtypes
                0x0000095f       0x2f contiki-micaz.a(clock.o)
 .debug_pubtypes
                0x0000098e       0x75 contiki-micaz.a(cc2420-arch.o)
 .debug_pubtypes
                0x00000a03       0x2b contiki-micaz.a(ds2401.o)
 .debug_pubtypes
                0x00000a2e       0x3d contiki-micaz.a(eeprom.o)
 .debug_pubtypes
                0x00000a6b       0x12 contiki-micaz.a(leds.o)
 .debug_pubtypes
                0x00000a7d       0x2d contiki-micaz.a(rimeaddr.o)
 .debug_pubtypes
                0x00000aaa       0xf7 contiki-micaz.a(rime.o)
 .debug_pubtypes
                0x00000ba1       0x20 contiki-micaz.a(rimestats.o)
 .debug_pubtypes
                0x00000bc1       0x8c contiki-micaz.a(announcement.o)
 .debug_pubtypes
                0x00000c4d      0x1cf contiki-micaz.a(broadcast-annou)
 .debug_pubtypes
                0x00000e1c       0xad contiki-micaz.a(chameleon.o)
 .debug_pubtypes
                0x00000ec9       0xbc contiki-micaz.a(chameleon-bitop)
 .debug_pubtypes
                0x00000f85      0x1cc contiki-micaz.a(cxmac.o)
 .debug_pubtypes
                0x00001151       0x25 contiki-micaz.a(mac.o)
 .debug_pubtypes
                0x00001176       0xe5 contiki-micaz.a(framer-802154.o)
 .debug_pubtypes
                0x0000125b      0x177 contiki-micaz.a(csma.o)
 .debug_pubtypes
                0x000013d2       0x55 contiki-micaz.a(autostart.o)
 .debug_pubtypes
                0x00001427       0xaa contiki-micaz.a(compower.o)
 .debug_pubtypes
                0x000014d1       0x1b contiki-micaz.a(memb.o)
 .debug_pubtypes
                0x000014ec       0x2d contiki-micaz.a(timer.o)
 .debug_pubtypes
                0x00001519       0x91 contiki-micaz.a(ctimer.o)
 .debug_pubtypes
                0x000015aa       0x12 contiki-micaz.a(energest.o)
 .debug_pubtypes
                0x000015bc       0x46 contiki-micaz.a(rtimer.o)
 .debug_pubtypes
                0x00001602       0xae contiki-micaz.a(queuebuf.o)
 .debug_pubtypes
                0x000016b0       0x29 contiki-micaz.a(rs232.o)
 .debug_pubtypes
                0x000016d9       0x1e contiki-micaz.a(leds-arch.o)
 .debug_pubtypes
                0x000016f7       0x1e contiki-micaz.a(spi.o)
 .debug_pubtypes
                0x00001715       0x3e contiki-micaz.a(rtimer-arch.o)
 .debug_pubtypes
                0x00001753       0x2b contiki-micaz.a(watchdog.o)
 .debug_pubtypes
                0x0000177e       0xb2 contiki-micaz.a(frame802154.o)

.debug_ranges   0x00000000      0x2c0
 .debug_ranges  0x00000000       0xd0 node.co
 .debug_ranges  0x000000d0       0x18 contiki-micaz.a(contiki-micaz-m)
 .debug_ranges  0x000000e8       0x18 contiki-micaz.a(cc2420.o)
 .debug_ranges  0x00000100       0x10 contiki-micaz.a(init-net.o)
 .debug_ranges  0x00000110       0x18 contiki-micaz.a(node-id.o)
 .debug_ranges  0x00000128       0xa8 contiki-micaz.a(ds2401.o)
 .debug_ranges  0x000001d0       0x48 contiki-micaz.a(chameleon-bitop)
 .debug_ranges  0x00000218       0x90 contiki-micaz.a(cxmac.o)
 .debug_ranges  0x000002a8       0x18 contiki-micaz.a(csma.o)
